<html>
<body>
<pre>
<h1>µVision Build Log</h1>
<h2>Tool Versions:</h2>
IDE-Version: µVision V5.35.0.0
Copyright (C) 2021 ARM Ltd and ARM Germany GmbH. All rights reserved.
License Information: 1 zhangtianqinztq@gmail.com, 1, LIC=Q7GU5-GEY06-NTQ3G-VEQE1-ITF5F-DV3I2
 
Tool Versions:
Toolchain:       MDK-ARM Professional  Version: 5.35.0.2
Toolchain Path:  C:\Keil_v5\ARM\ARMCC\Bin
C Compiler:      Armcc.exe V5.06 update 7 (build 960)
Assembler:       Armasm.exe V5.06 update 7 (build 960)
Linker/Locator:  ArmLink.exe V5.06 update 7 (build 960)
Library Manager: ArmAr.exe V5.06 update 7 (build 960)
Hex Converter:   FromElf.exe V5.06 update 7 (build 960)
CPU DLL:         SARMCM3.DLL V5.35.0.2
Dialog DLL:      DCM.DLL V1.17.3.0
Target DLL:      STLink\ST-LINKIII-KEIL_SWO.dll V3.0.9.0
Dialog DLL:      TCM.DLL V1.53.0.0
 
<h2>Project:</h2>
C:\Users\zhang\Desktop\shoot+pneumatic\United2018.uvprojx
Project File Date:  07/10/2021

<h2>Output:</h2>
*** Using Compiler 'V5.06 update 7 (build 960)', folder: 'C:\Keil_v5\ARM\ARMCC\Bin'
Rebuild target 'United2018'
assembling startup_stm32f427xx.s...
compiling misc.c...
compiling stm32f4xx_exti.c...
compiling stm32f4xx_flash.c...
compiling stm32f4xx_adc.c...
compiling stm32f4xx_dbgmcu.c...
compiling system_stm32f4xx.c...
compiling stm32f4xx_rng.c...
compiling stm32f4xx_gpio.c...
compiling stm32f4xx_dma.c...
compiling stm32f4xx_pwr.c...
compiling stm32f4xx_can.c...
compiling stm32f4xx_i2c.c...
compiling stm32f4xx_sdio.c...
compiling stm32f4xx_rcc.c...
compiling stm32f4xx_spi.c...
compiling stm32f4xx_syscfg.c...
compiling usart.c...
compiling delay.c...
SYSTEM\delay\delay.c(36): warning:  #550-D: variable "fac_ms"  was set but never used
  static u16 fac_ms=0;							//ms??????????,??os??,??????????????ms??
SYSTEM\delay\delay.c: 1 warning, 0 errors
compiling sys.c...
compiling stm32f4xx_usart.c...
compiling buzzer.c...
compiling stm32f4xx_tim.c...
compiling led.c...
compiling user_lib.c...
compiling can1.c...
compiling pwm.c...
compiling CRC.c...
compiling RemoteControl.c...
compiling spi.c...
compiling digital.c...
compiling MPU6500.c...
compiling Comm_umpire.c...
compiling Ctrl_gimbal.c...
compiling filter.c...
compiling can2.c...
compiling power_ctrl.c...
compiling timer.c...
compiling fric.c...
compiling Ctrl_chassis.c...
compiling stm32f4xx_it.c...
compiling Higher_Class.c...
compiling PID.c...
compiling User_API.c...
compiling IMU.c...
compiling main.c...
USER\main.c(152): warning:  #68-D: integer conversion resulted in a change of sign
  					shootSpeed = -300;
USER\main.c: 1 warning, 0 errors
compiling Shoot.c...
linking...
Program Size: Code=40880 RO-data=1656 RW-data=648 ZI-data=7104  
".\OBJ\Objects\United2018.axf" - 0 Error(s), 2 Warning(s).

<h2>Software Packages used:</h2>

Package Vendor: Keil
                http://www.keil.com/pack/Keil.STM32F4xx_DFP.2.15.0.pack
                Keil.STM32F4xx_DFP.2.15.0
                STMicroelectronics STM32F4 Series Device Support, Drivers and Examples

<h2>Collection of Component include folders:</h2>
  C:\Users\zhang\AppData\Local\Arm\Packs\Keil\STM32F4xx_DFP\2.15.0\Drivers\CMSIS\Device\ST\STM32F4xx\Include

<h2>Collection of Component Files used:</h2>
Build Time Elapsed:  00:00:03
</pre>
</body>
</html>
