Component: ARM Compiler 5.06 update 7 (build 960) Tool: armlink [4d3601]

==============================================================================

Section Cross References

    startup_stm32f427xx.o(STACK) refers (Special) to heapauxi.o(.text) for __use_two_region_memory
    startup_stm32f427xx.o(HEAP) refers (Special) to heapauxi.o(.text) for __use_two_region_memory
    startup_stm32f427xx.o(RESET) refers (Special) to heapauxi.o(.text) for __use_two_region_memory
    startup_stm32f427xx.o(RESET) refers to startup_stm32f427xx.o(STACK) for __initial_sp
    startup_stm32f427xx.o(RESET) refers to startup_stm32f427xx.o(.text) for Reset_Handler
    startup_stm32f427xx.o(RESET) refers to stm32f4xx_it.o(i.NMI_Handler) for NMI_Handler
    startup_stm32f427xx.o(RESET) refers to stm32f4xx_it.o(i.HardFault_Handler) for HardFault_Handler
    startup_stm32f427xx.o(RESET) refers to stm32f4xx_it.o(i.MemManage_Handler) for MemManage_Handler
    startup_stm32f427xx.o(RESET) refers to stm32f4xx_it.o(i.BusFault_Handler) for BusFault_Handler
    startup_stm32f427xx.o(RESET) refers to stm32f4xx_it.o(i.UsageFault_Handler) for UsageFault_Handler
    startup_stm32f427xx.o(RESET) refers to stm32f4xx_it.o(i.SVC_Handler) for SVC_Handler
    startup_stm32f427xx.o(RESET) refers to stm32f4xx_it.o(i.DebugMon_Handler) for DebugMon_Handler
    startup_stm32f427xx.o(RESET) refers to stm32f4xx_it.o(i.PendSV_Handler) for PendSV_Handler
    startup_stm32f427xx.o(RESET) refers to stm32f4xx_it.o(i.SysTick_Handler) for SysTick_Handler
    startup_stm32f427xx.o(RESET) refers to can1.o(i.CAN1_RX0_IRQHandler) for CAN1_RX0_IRQHandler
    startup_stm32f427xx.o(RESET) refers to timer.o(i.TIM4_IRQHandler) for TIM4_IRQHandler
    startup_stm32f427xx.o(RESET) refers to usart.o(i.USART3_IRQHandler) for USART3_IRQHandler
    startup_stm32f427xx.o(RESET) refers to can2.o(i.CAN2_RX0_IRQHandler) for CAN2_RX0_IRQHandler
    startup_stm32f427xx.o(RESET) refers to remotecontrol.o(i.DMA2_Stream5_IRQHandler) for DMA2_Stream5_IRQHandler
    startup_stm32f427xx.o(RESET) refers to comm_umpire.o(i.DMA2_Stream7_IRQHandler) for DMA2_Stream7_IRQHandler
    startup_stm32f427xx.o(RESET) refers to comm_umpire.o(i.USART6_IRQHandler) for USART6_IRQHandler
    startup_stm32f427xx.o(.text) refers (Special) to heapauxi.o(.text) for __use_two_region_memory
    startup_stm32f427xx.o(.text) refers to system_stm32f4xx.o(i.SystemInit) for SystemInit
    startup_stm32f427xx.o(.text) refers to __main.o(!!!main) for __main
    startup_stm32f427xx.o(.text) refers to startup_stm32f427xx.o(HEAP) for Heap_Mem
    startup_stm32f427xx.o(.text) refers to startup_stm32f427xx.o(STACK) for Stack_Mem
    system_stm32f4xx.o(i.SystemCoreClockUpdate) refers to system_stm32f4xx.o(.data) for SystemCoreClock
    system_stm32f4xx.o(i.SystemInit) refers to system_stm32f4xx.o(i.SetSysClock) for SetSysClock
    stm32f4xx_adc.o(i.ADC_DeInit) refers to stm32f4xx_rcc.o(i.RCC_APB2PeriphResetCmd) for RCC_APB2PeriphResetCmd
    stm32f4xx_can.o(i.CAN_DeInit) refers to stm32f4xx_rcc.o(i.RCC_APB1PeriphResetCmd) for RCC_APB1PeriphResetCmd
    stm32f4xx_can.o(i.CAN_GetITStatus) refers to stm32f4xx_can.o(i.CheckITStatus) for CheckITStatus
    stm32f4xx_flash.o(i.FLASH_EraseAllBank1Sectors) refers to stm32f4xx_flash.o(i.FLASH_WaitForLastOperation) for FLASH_WaitForLastOperation
    stm32f4xx_flash.o(i.FLASH_EraseAllBank2Sectors) refers to stm32f4xx_flash.o(i.FLASH_WaitForLastOperation) for FLASH_WaitForLastOperation
    stm32f4xx_flash.o(i.FLASH_EraseAllSectors) refers to stm32f4xx_flash.o(i.FLASH_WaitForLastOperation) for FLASH_WaitForLastOperation
    stm32f4xx_flash.o(i.FLASH_EraseSector) refers to stm32f4xx_flash.o(i.FLASH_WaitForLastOperation) for FLASH_WaitForLastOperation
    stm32f4xx_flash.o(i.FLASH_OB_Launch) refers to stm32f4xx_flash.o(i.FLASH_WaitForLastOperation) for FLASH_WaitForLastOperation
    stm32f4xx_flash.o(i.FLASH_OB_PCROP1Config) refers to stm32f4xx_flash.o(i.FLASH_WaitForLastOperation) for FLASH_WaitForLastOperation
    stm32f4xx_flash.o(i.FLASH_OB_PCROPConfig) refers to stm32f4xx_flash.o(i.FLASH_WaitForLastOperation) for FLASH_WaitForLastOperation
    stm32f4xx_flash.o(i.FLASH_OB_RDPConfig) refers to stm32f4xx_flash.o(i.FLASH_WaitForLastOperation) for FLASH_WaitForLastOperation
    stm32f4xx_flash.o(i.FLASH_OB_UserConfig) refers to stm32f4xx_flash.o(i.FLASH_WaitForLastOperation) for FLASH_WaitForLastOperation
    stm32f4xx_flash.o(i.FLASH_OB_WRP1Config) refers to stm32f4xx_flash.o(i.FLASH_WaitForLastOperation) for FLASH_WaitForLastOperation
    stm32f4xx_flash.o(i.FLASH_OB_WRPConfig) refers to stm32f4xx_flash.o(i.FLASH_WaitForLastOperation) for FLASH_WaitForLastOperation
    stm32f4xx_flash.o(i.FLASH_ProgramByte) refers to stm32f4xx_flash.o(i.FLASH_WaitForLastOperation) for FLASH_WaitForLastOperation
    stm32f4xx_flash.o(i.FLASH_ProgramDoubleWord) refers to stm32f4xx_flash.o(i.FLASH_WaitForLastOperation) for FLASH_WaitForLastOperation
[...]
    __rt_entry_postli_1                      0x08000291   Thumb Code     0  __rtentry2.o(.ARM.Collect$$rtentry$$0000000C)
    __rt_exit                                0x08000299   Thumb Code     0  rtexit.o(.ARM.Collect$$rtexit$$00000000)
    __rt_exit_ls                             0x0800029b   Thumb Code     0  rtexit2.o(.ARM.Collect$$rtexit$$00000003)
    __rt_exit_prels_1                        0x0800029b   Thumb Code     0  rtexit2.o(.ARM.Collect$$rtexit$$00000002)
    __rt_exit_exit                           0x0800029f   Thumb Code     0  rtexit2.o(.ARM.Collect$$rtexit$$00000004)
    Reset_Handler                            0x080002a5   Thumb Code     8  startup_stm32f427xx.o(.text)
    ADC_IRQHandler                           0x080002bf   Thumb Code     0  startup_stm32f427xx.o(.text)
    CAN1_RX1_IRQHandler                      0x080002bf   Thumb Code     0  startup_stm32f427xx.o(.text)
    CAN1_SCE_IRQHandler                      0x080002bf   Thumb Code     0  startup_stm32f427xx.o(.text)
    CAN1_TX_IRQHandler                       0x080002bf   Thumb Code     0  startup_stm32f427xx.o(.text)
    CAN2_RX1_IRQHandler                      0x080002bf   Thumb Code     0  startup_stm32f427xx.o(.text)
    CAN2_SCE_IRQHandler                      0x080002bf   Thumb Code     0  startup_stm32f427xx.o(.text)
    CAN2_TX_IRQHandler                       0x080002bf   Thumb Code     0  startup_stm32f427xx.o(.text)
    DCMI_IRQHandler                          0x080002bf   Thumb Code     0  startup_stm32f427xx.o(.text)
    DMA1_Stream0_IRQHandler                  0x080002bf   Thumb Code     0  startup_stm32f427xx.o(.text)
    DMA1_Stream1_IRQHandler                  0x080002bf   Thumb Code     0  startup_stm32f427xx.o(.text)
    DMA1_Stream2_IRQHandler                  0x080002bf   Thumb Code     0  startup_stm32f427xx.o(.text)
    DMA1_Stream3_IRQHandler                  0x080002bf   Thumb Code     0  startup_stm32f427xx.o(.text)
    DMA1_Stream4_IRQHandler                  0x080002bf   Thumb Code     0  startup_stm32f427xx.o(.text)
    DMA1_Stream5_IRQHandler                  0x080002bf   Thumb Code     0  startup_stm32f427xx.o(.text)
    DMA1_Stream6_IRQHandler                  0x080002bf   Thumb Code     0  startup_stm32f427xx.o(.text)
    DMA1_Stream7_IRQHandler                  0x080002bf   Thumb Code     0  startup_stm32f427xx.o(.text)
    DMA2D_IRQHandler                         0x080002bf   Thumb Code     0  startup_stm32f427xx.o(.text)
    DMA2_Stream0_IRQHandler                  0x080002bf   Thumb Code     0  startup_stm32f427xx.o(.text)
    DMA2_Stream1_IRQHandler                  0x080002bf   Thumb Code     0  startup_stm32f427xx.o(.text)
    DMA2_Stream2_IRQHandler                  0x080002bf   Thumb Code     0  startup_stm32f427xx.o(.text)
    DMA2_Stream3_IRQHandler                  0x080002bf   Thumb Code     0  startup_stm32f427xx.o(.text)
    DMA2_Stream4_IRQHandler                  0x080002bf   Thumb Code     0  startup_stm32f427xx.o(.text)
    DMA2_Stream6_IRQHandler                  0x080002bf   Thumb Code     0  startup_stm32f427xx.o(.text)
    ETH_IRQHandler                           0x080002bf   Thumb Code     0  startup_stm32f427xx.o(.text)
    ETH_WKUP_IRQHandler                      0x080002bf   Thumb Code     0  startup_stm32f427xx.o(.text)
    EXTI0_IRQHandler                         0x080002bf   Thumb Code     0  startup_stm32f427xx.o(.text)
    EXTI15_10_IRQHandler                     0x080002bf   Thumb Code     0  startup_stm32f427xx.o(.text)
    EXTI1_IRQHandler                         0x080002bf   Thumb Code     0  startup_stm32f427xx.o(.text)
    EXTI2_IRQHandler                         0x080002bf   Thumb Code     0  startup_stm32f427xx.o(.text)
    EXTI3_IRQHandler                         0x080002bf   Thumb Code     0  startup_stm32f427xx.o(.text)
    EXTI4_IRQHandler                         0x080002bf   Thumb Code     0  startup_stm32f427xx.o(.text)
    EXTI9_5_IRQHandler                       0x080002bf   Thumb Code     0  startup_stm32f427xx.o(.text)
    FLASH_IRQHandler                         0x080002bf   Thumb Code     0  startup_stm32f427xx.o(.text)
    FMC_IRQHandler                           0x080002bf   Thumb Code     0  startup_stm32f427xx.o(.text)
    FPU_IRQHandler                           0x080002bf   Thumb Code     0  startup_stm32f427xx.o(.text)
    HASH_RNG_IRQHandler                      0x080002bf   Thumb Code     0  startup_stm32f427xx.o(.text)
    I2C1_ER_IRQHandler                       0x080002bf   Thumb Code     0  startup_stm32f427xx.o(.text)
    I2C1_EV_IRQHandler                       0x080002bf   Thumb Code     0  startup_stm32f427xx.o(.text)
    I2C2_ER_IRQHandler                       0x080002bf   Thumb Code     0  startup_stm32f427xx.o(.text)
    I2C2_EV_IRQHandler                       0x080002bf   Thumb Code     0  startup_stm32f427xx.o(.text)
    I2C3_ER_IRQHandler                       0x080002bf   Thumb Code     0  startup_stm32f427xx.o(.text)
    I2C3_EV_IRQHandler                       0x080002bf   Thumb Code     0  startup_stm32f427xx.o(.text)
    OTG_FS_IRQHandler                        0x080002bf   Thumb Code     0  startup_stm32f427xx.o(.text)
    OTG_FS_WKUP_IRQHandler                   0x080002bf   Thumb Code     0  startup_stm32f427xx.o(.text)
    OTG_HS_EP1_IN_IRQHandler                 0x080002bf   Thumb Code     0  startup_stm32f427xx.o(.text)
    OTG_HS_EP1_OUT_IRQHandler                0x080002bf   Thumb Code     0  startup_stm32f427xx.o(.text)
    OTG_HS_IRQHandler                        0x080002bf   Thumb Code     0  startup_stm32f427xx.o(.text)
    OTG_HS_WKUP_IRQHandler                   0x080002bf   Thumb Code     0  startup_stm32f427xx.o(.text)
    PVD_IRQHandler                           0x080002bf   Thumb Code     0  startup_stm32f427xx.o(.text)
    RCC_IRQHandler                           0x080002bf   Thumb Code     0  startup_stm32f427xx.o(.text)
    RTC_Alarm_IRQHandler                     0x080002bf   Thumb Code     0  startup_stm32f427xx.o(.text)
    RTC_WKUP_IRQHandler                      0x080002bf   Thumb Code     0  startup_stm32f427xx.o(.text)
    SAI1_IRQHandler                          0x080002bf   Thumb Code     0  startup_stm32f427xx.o(.text)
    SDIO_IRQHandler                          0x080002bf   Thumb Code     0  startup_stm32f427xx.o(.text)
    SPI1_IRQHandler                          0x080002bf   Thumb Code     0  startup_stm32f427xx.o(.text)
    SPI2_IRQHandler                          0x080002bf   Thumb Code     0  startup_stm32f427xx.o(.text)
    SPI3_IRQHandler                          0x080002bf   Thumb Code     0  startup_stm32f427xx.o(.text)
    SPI4_IRQHandler                          0x080002bf   Thumb Code     0  startup_stm32f427xx.o(.text)
    SPI5_IRQHandler                          0x080002bf   Thumb Code     0  startup_stm32f427xx.o(.text)
    SPI6_IRQHandler                          0x080002bf   Thumb Code     0  startup_stm32f427xx.o(.text)
    TAMP_STAMP_IRQHandler                    0x080002bf   Thumb Code     0  startup_stm32f427xx.o(.text)
    TIM1_BRK_TIM9_IRQHandler                 0x080002bf   Thumb Code     0  startup_stm32f427xx.o(.text)
    TIM1_CC_IRQHandler                       0x080002bf   Thumb Code     0  startup_stm32f427xx.o(.text)
    TIM1_TRG_COM_TIM11_IRQHandler            0x080002bf   Thumb Code     0  startup_stm32f427xx.o(.text)
    TIM1_UP_TIM10_IRQHandler                 0x080002bf   Thumb Code     0  startup_stm32f427xx.o(.text)
    TIM2_IRQHandler                          0x080002bf   Thumb Code     0  startup_stm32f427xx.o(.text)
    TIM3_IRQHandler                          0x080002bf   Thumb Code     0  startup_stm32f427xx.o(.text)
    TIM5_IRQHandler                          0x080002bf   Thumb Code     0  startup_stm32f427xx.o(.text)
    TIM6_DAC_IRQHandler                      0x080002bf   Thumb Code     0  startup_stm32f427xx.o(.text)
    TIM7_IRQHandler                          0x080002bf   Thumb Code     0  startup_stm32f427xx.o(.text)
    TIM8_BRK_TIM12_IRQHandler                0x080002bf   Thumb Code     0  startup_stm32f427xx.o(.text)
    TIM8_CC_IRQHandler                       0x080002bf   Thumb Code     0  startup_stm32f427xx.o(.text)
    TIM8_TRG_COM_TIM14_IRQHandler            0x080002bf   Thumb Code     0  startup_stm32f427xx.o(.text)
    TIM8_UP_TIM13_IRQHandler                 0x080002bf   Thumb Code     0  startup_stm32f427xx.o(.text)
    UART4_IRQHandler                         0x080002bf   Thumb Code     0  startup_stm32f427xx.o(.text)
    UART5_IRQHandler                         0x080002bf   Thumb Code     0  startup_stm32f427xx.o(.text)
    UART7_IRQHandler                         0x080002bf   Thumb Code     0  startup_stm32f427xx.o(.text)
    UART8_IRQHandler                         0x080002bf   Thumb Code     0  startup_stm32f427xx.o(.text)
    USART1_IRQHandler                        0x080002bf   Thumb Code     0  startup_stm32f427xx.o(.text)
    USART2_IRQHandler                        0x080002bf   Thumb Code     0  startup_stm32f427xx.o(.text)
    WWDG_IRQHandler                          0x080002bf   Thumb Code     0  startup_stm32f427xx.o(.text)
    __user_initial_stackheap                 0x080002c1   Thumb Code     0  startup_stm32f427xx.o(.text)
    __use_no_semihosting                     0x080002e5   Thumb Code     2  use_no_semi_2.o(.text)
    __2printf                                0x080002e9   Thumb Code    20  noretval__2printf.o(.text)
    __printf                                 0x08000301   Thumb Code   104  __printf.o(.text)
    __aeabi_memcpy4                          0x08000369   Thumb Code     0  rt_memcpy_w.o(.text)
    __aeabi_memcpy8                          0x08000369   Thumb Code     0  rt_memcpy_w.o(.text)
    __rt_memcpy_w                            0x08000369   Thumb Code   100  rt_memcpy_w.o(.text)
    _memcpy_lastbytes_aligned                0x080003b1   Thumb Code     0  rt_memcpy_w.o(.text)
    __use_two_region_memory                  0x080003cd   Thumb Code     2  heapauxi.o(.text)
    __rt_heap_escrow$2region                 0x080003cf   Thumb Code     2  heapauxi.o(.text)
    __rt_heap_expand$2region                 0x080003d1   Thumb Code     2  heapauxi.o(.text)
    __I$use$semihosting                      0x080003d3   Thumb Code     0  use_no_semi.o(.text)
    __use_no_semihosting_swi                 0x080003d3   Thumb Code     2  use_no_semi.o(.text)
    __read_errno                             0x080003d5   Thumb Code    10  _rserrno.o(.text)
    __set_errno                              0x080003df   Thumb Code    12  _rserrno.o(.text)
    __lib_sel_fp_printf                      0x080003eb   Thumb Code     2  _printf_fp_dec.o(.text)
    _printf_fp_dec_real                      0x0800059d   Thumb Code   620  _printf_fp_dec.o(.text)
    _printf_char_file                        0x08000809   Thumb Code    32  _printf_char_file.o(.text)
    __rt_locale                              0x0800082d   Thumb Code     8  rt_locale_intlibspace.o(.text)
    __aeabi_errno_addr                       0x08000835   Thumb Code     8  rt_errno_addr_intlibspace.o(.text)
    __errno$intlibspace                      0x08000835   Thumb Code     0  rt_errno_addr_intlibspace.o(.text)
    __rt_errno_addr$intlibspace              0x08000835   Thumb Code     0  rt_errno_addr_intlibspace.o(.text)
    _ll_udiv10                               0x0800083d   Thumb Code   138  lludiv10.o(.text)
    _printf_char_common                      0x080008d3   Thumb Code    32  _printf_char_common.o(.text)
    _printf_fp_infnan                        0x080008f9   Thumb Code   112  _printf_fp_infnan.o(.text)
    _btod_etento                             0x08000979   Thumb Code   224  bigflt0.o(.text)
    ferror                                   0x08000a5d   Thumb Code     8  ferror.o(.text)
    __user_libspace                          0x08000a65   Thumb Code     8  libspace.o(.text)
    __user_perproc_libspace                  0x08000a65   Thumb Code     0  libspace.o(.text)
    __user_perthread_libspace                0x08000a65   Thumb Code     0  libspace.o(.text)
    __user_setup_stackheap                   0x08000a6d   Thumb Code    74  sys_stackheap_outer.o(.text)
    exit                                     0x08000ab7   Thumb Code    18  exit.o(.text)
    strcmp                                   0x08000ac9   Thumb Code   128  strcmpv7m.o(.text)
    _btod_d2e                                0x08000b49   Thumb Code    62  btod.o(CL$$btod_d2e)
    _d2e_denorm_low                          0x08000b87   Thumb Code    70  btod.o(CL$$btod_d2e_denorm_low)
    _d2e_norm_op1                            0x08000bcd   Thumb Code    96  btod.o(CL$$btod_d2e_norm_op1)
    __btod_div_common                        0x08000c2d   Thumb Code   696  btod.o(CL$$btod_div_common)
    _e2e                                     0x08000f65   Thumb Code   220  btod.o(CL$$btod_e2e)
    _btod_ediv                               0x08001041   Thumb Code    42  btod.o(CL$$btod_ediv)
    _btod_emul                               0x0800106b   Thumb Code    42  btod.o(CL$$btod_emul)
    __btod_mult_common                       0x08001095   Thumb Code   580  btod.o(CL$$btod_mult_common)
    Angle_deal                               0x080012d9   Thumb Code   336  can1.o(i.Angle_deal)
    Astrict_Acc                              0x08001431   Thumb Code   806  higher_class.o(i.Astrict_Acc)
    BusFault_Handler                         0x08001791   Thumb Code     4  stm32f4xx_it.o(i.BusFault_Handler)
    CAN1_Configuration                       0x08001795   Thumb Code   246  can1.o(i.CAN1_Configuration)
    CAN1_RX0_IRQHandler                      0x08001895   Thumb Code   684  can1.o(i.CAN1_RX0_IRQHandler)
    CAN1_SendCommand_chassis                 0x08001b51   Thumb Code   134  can1.o(i.CAN1_SendCommand_chassis)
    CAN1_Send_Msg_gimbal                     0x08001bdd   Thumb Code   108  can1.o(i.CAN1_Send_Msg_gimbal)
    CAN2_Configuration                       0x08001c4d   Thumb Code   250  can2.o(i.CAN2_Configuration)
    CAN2_RX0_IRQHandler                      0x08001d51   Thumb Code   226  can2.o(i.CAN2_RX0_IRQHandler)
    CAN_ClearFlag                            0x08001e51   Thumb Code    52  stm32f4xx_can.o(i.CAN_ClearFlag)
    CAN_ClearITPendingBit                    0x08001e89   Thumb Code   162  stm32f4xx_can.o(i.CAN_ClearITPendingBit)
    CAN_DeInit                               0x08001f31   Thumb Code    50  stm32f4xx_can.o(i.CAN_DeInit)
    CAN_FilterInit                           0x08001f69   Thumb Code   258  stm32f4xx_can.o(i.CAN_FilterInit)
    CAN_GetITStatus                          0x08002071   Thumb Code   284  stm32f4xx_can.o(i.CAN_GetITStatus)
    CAN_ITConfig                             0x08002191   Thumb Code    18  stm32f4xx_can.o(i.CAN_ITConfig)
    CAN_Init                                 0x080021a3   Thumb Code   276  stm32f4xx_can.o(i.CAN_Init)
    CAN_Receive                              0x080022b7   Thumb Code   240  stm32f4xx_can.o(i.CAN_Receive)
    CAN_StructInit                           0x080023a7   Thumb Code    32  stm32f4xx_can.o(i.CAN_StructInit)
    CAN_Transmit                             0x080023c7   Thumb Code   294  stm32f4xx_can.o(i.CAN_Transmit)
    CAN_TransmitStatus                       0x080024ed   Thumb Code   138  stm32f4xx_can.o(i.CAN_TransmitStatus)
    Chassis_AutoFollow                       0x0800258d   Thumb Code   626  shoot.o(i.Chassis_AutoFollow)
    Chassis_Task                             0x08002819   Thumb Code   110  user_api.o(i.Chassis_Task)
    Comm_umpire_Init                         0x080028b1   Thumb Code   262  comm_umpire.o(i.Comm_umpire_Init)
    DMA2_Stream5_IRQHandler                  0x080029c9   Thumb Code    40  remotecontrol.o(i.DMA2_Stream5_IRQHandler)
    DMA2_Stream7_IRQHandler                  0x080029f9   Thumb Code    26  comm_umpire.o(i.DMA2_Stream7_IRQHandler)
    DMA_ClearFlag                            0x08002a19   Thumb Code    38  stm32f4xx_dma.o(i.DMA_ClearFlag)
    DMA_ClearITPendingBit                    0x08002a4d   Thumb Code    38  stm32f4xx_dma.o(i.DMA_ClearITPendingBit)
    DMA_Cmd                                  0x08002a81   Thumb Code    22  stm32f4xx_dma.o(i.DMA_Cmd)
    DMA_DeInit                               0x08002a99   Thumb Code   324  stm32f4xx_dma.o(i.DMA_DeInit)
    DMA_GetCurrDataCounter                   0x08002bf1   Thumb Code     8  stm32f4xx_dma.o(i.DMA_GetCurrDataCounter)
    DMA_GetFlagStatus                        0x08002bf9   Thumb Code    54  stm32f4xx_dma.o(i.DMA_GetFlagStatus)
    DMA_ITConfig                             0x08002c3d   Thumb Code    58  stm32f4xx_dma.o(i.DMA_ITConfig)
    DMA_Init                                 0x08002c79   Thumb Code    82  stm32f4xx_dma.o(i.DMA_Init)
    DMA_SetCurrDataCounter                   0x08002cd1   Thumb Code     4  stm32f4xx_dma.o(i.DMA_SetCurrDataCounter)
    DealDataPack                             0x08002cd5   Thumb Code   380  comm_umpire.o(i.DealDataPack)
    DebugMon_Handler                         0x08002e81   Thumb Code     2  stm32f4xx_it.o(i.DebugMon_Handler)
    Encoder_angle_conversion                 0x08002e85   Thumb Code   222  shoot.o(i.Encoder_angle_conversion)
    FailSafe_Check                           0x08002f91   Thumb Code    34  remotecontrol.o(i.FailSafe_Check)
    GPIO_Init                                0x08002fbd   Thumb Code   144  stm32f4xx_gpio.o(i.GPIO_Init)
    GPIO_PinAFConfig                         0x0800304d   Thumb Code    70  stm32f4xx_gpio.o(i.GPIO_PinAFConfig)
    GPIO_ResetBits                           0x08003093   Thumb Code     4  stm32f4xx_gpio.o(i.GPIO_ResetBits)
    GPIO_SetBits                             0x08003097   Thumb Code     4  stm32f4xx_gpio.o(i.GPIO_SetBits)
    Get_CRC16_Check_Sum                      0x0800309d   Thumb Code    38  crc.o(i.Get_CRC16_Check_Sum)
    Get_CRC8_Check_Sum                       0x080030c9   Thumb Code    30  crc.o(i.Get_CRC8_Check_Sum)
    Get_Ctrl_Data                            0x080030ed   Thumb Code  1230  user_api.o(i.Get_Ctrl_Data)
    Get_RC_Data                              0x080035cd   Thumb Code   222  remotecontrol.o(i.Get_RC_Data)
    Get_UmpireData                           0x080036b9   Thumb Code   222  comm_umpire.o(i.Get_UmpireData)
    Gimbal_Ctrl                              0x080037a1   Thumb Code   352  shoot.o(i.Gimbal_Ctrl)
    Gimbal_Ctrl_init                         0x08003925   Thumb Code    12  shoot.o(i.Gimbal_Ctrl_init)
    HardFault_Handler                        0x08003939   Thumb Code     4  stm32f4xx_it.o(i.HardFault_Handler)
    IMUSO3Thread                             0x0800393d   Thumb Code  1172  imu.o(i.IMUSO3Thread)
    IMU_Init                                 0x08003dd5   Thumb Code    82  mpu6500.o(i.IMU_Init)
    IMU_Temp_Ctrl                            0x08003e31   Thumb Code    58  imu.o(i.IMU_Temp_Ctrl)
    Inverse_Kinematic_Ctrl                   0x08003e75   Thumb Code   408  ctrl_chassis.o(i.Inverse_Kinematic_Ctrl)
    KeyDataProcess                           0x08004021   Thumb Code   282  remotecontrol.o(i.KeyDataProcess)
    LED_Init                                 0x0800413d   Thumb Code    88  led.o(i.LED_Init)
    LPF2pApply_1                             0x0800419d   Thumb Code   186  filter.o(i.LPF2pApply_1)
    LPF2pApply_2                             0x0800427d   Thumb Code   186  filter.o(i.LPF2pApply_2)
    LPF2pApply_3                             0x0800435d   Thumb Code   186  filter.o(i.LPF2pApply_3)
    LPF2pApply_4                             0x0800443d   Thumb Code   186  filter.o(i.LPF2pApply_4)
    LPF2pApply_5                             0x0800451d   Thumb Code   186  filter.o(i.LPF2pApply_5)
    LPF2pApply_6                             0x080045fd   Thumb Code   186  filter.o(i.LPF2pApply_6)
    LPF2pSetCutoffFreq_1                     0x080046dd   Thumb Code   236  filter.o(i.LPF2pSetCutoffFreq_1)
    LPF2pSetCutoffFreq_2                     0x080047ed   Thumb Code   236  filter.o(i.LPF2pSetCutoffFreq_2)
    LPF2pSetCutoffFreq_3                     0x080048fd   Thumb Code   236  filter.o(i.LPF2pSetCutoffFreq_3)
    LPF2pSetCutoffFreq_4                     0x08004a0d   Thumb Code   236  filter.o(i.LPF2pSetCutoffFreq_4)
    LPF2pSetCutoffFreq_5                     0x08004b1d   Thumb Code   236  filter.o(i.LPF2pSetCutoffFreq_5)
    LPF2pSetCutoffFreq_6                     0x08004c2d   Thumb Code   236  filter.o(i.LPF2pSetCutoffFreq_6)
    Laser_Init                               0x08004d3d   Thumb Code    50  led.o(i.Laser_Init)
    MPU6050AccRead                           0x08004d75   Thumb Code    76  mpu6500.o(i.MPU6050AccRead)
    MPU6050GyroRead                          0x08004dc1   Thumb Code    76  mpu6500.o(i.MPU6050GyroRead)
    MPU6500_Init                             0x08004e0d   Thumb Code    74  mpu6500.o(i.MPU6500_Init)
    MPU6500_Read_Reg                         0x08004e61   Thumb Code    52  mpu6500.o(i.MPU6500_Read_Reg)
    MPU6500_Write_Reg                        0x08004ea5   Thumb Code    50  mpu6500.o(i.MPU6500_Write_Reg)
    Matrix_Translate                         0x08004ee5   Thumb Code   136  higher_class.o(i.Matrix_Translate)
    MemManage_Handler                        0x08004f75   Thumb Code     4  stm32f4xx_it.o(i.MemManage_Handler)
    NMI_Handler                              0x08004f79   Thumb Code     2  stm32f4xx_it.o(i.NMI_Handler)
    NVIC_Init                                0x08004f7d   Thumb Code   106  misc.o(i.NVIC_Init)
    NVIC_PriorityGroupConfig                 0x08004ff5   Thumb Code    10  misc.o(i.NVIC_PriorityGroupConfig)
    PID_Control                              0x08005a4d   Thumb Code   410  pid.o(i.PID_Control)
    PWM_Write                                0x08005be9   Thumb Code    56  pwm.o(i.PWM_Write)
    PendSV_Handler                           0x08005c25   Thumb Code     2  stm32f4xx_it.o(i.PendSV_Handler)
    RCC_AHB1PeriphClockCmd                   0x08005c89   Thumb Code    26  stm32f4xx_rcc.o(i.RCC_AHB1PeriphClockCmd)
    RCC_APB1PeriphClockCmd                   0x08005ca9   Thumb Code    26  stm32f4xx_rcc.o(i.RCC_APB1PeriphClockCmd)
    RCC_APB1PeriphResetCmd                   0x08005cc9   Thumb Code    26  stm32f4xx_rcc.o(i.RCC_APB1PeriphResetCmd)
    RCC_APB2PeriphClockCmd                   0x08005ce9   Thumb Code    26  stm32f4xx_rcc.o(i.RCC_APB2PeriphClockCmd)
    RCC_APB2PeriphResetCmd                   0x08005d09   Thumb Code    26  stm32f4xx_rcc.o(i.RCC_APB2PeriphResetCmd)
    RCC_GetClocksFreq                        0x08005d29   Thumb Code   214  stm32f4xx_rcc.o(i.RCC_GetClocksFreq)
    RC_Init                                  0x08005e11   Thumb Code   278  remotecontrol.o(i.RC_Init)
    ReadIMUSensorHandle                      0x08005f41   Thumb Code   334  mpu6500.o(i.ReadIMUSensorHandle)
    SPI5_Init                                0x080060b1   Thumb Code   216  spi.o(i.SPI5_Init)
    SPI5_ReadWriteByte                       0x08006191   Thumb Code    82  spi.o(i.SPI5_ReadWriteByte)
    SPI_Cmd                                  0x080061e9   Thumb Code    24  stm32f4xx_spi.o(i.SPI_Cmd)
    SPI_I2S_GetFlagStatus                    0x08006201   Thumb Code    18  stm32f4xx_spi.o(i.SPI_I2S_GetFlagStatus)
    SPI_I2S_ReceiveData                      0x08006213   Thumb Code     6  stm32f4xx_spi.o(i.SPI_I2S_ReceiveData)
    SPI_I2S_SendData                         0x08006219   Thumb Code     4  stm32f4xx_spi.o(i.SPI_I2S_SendData)
    SPI_Init                                 0x0800621d   Thumb Code    60  stm32f4xx_spi.o(i.SPI_Init)
    SVC_Handler                              0x08006259   Thumb Code     2  stm32f4xx_it.o(i.SVC_Handler)
    Shoot_Ctrl                               0x0800637d   Thumb Code   300  user_api.o(i.Shoot_Ctrl)
    Stop_Chassis_Task                        0x080064ed   Thumb Code    96  user_api.o(i.Stop_Chassis_Task)
    SysTick_Handler                          0x08006561   Thumb Code    12  stm32f4xx_it.o(i.SysTick_Handler)
    SystemInit                               0x08006571   Thumb Code    88  system_stm32f4xx.o(i.SystemInit)
    TIM3_PWM_Init                            0x080065d9   Thumb Code   186  pwm.o(i.TIM3_PWM_Init)
    TIM4_IRQHandler                          0x0800669d   Thumb Code   204  timer.o(i.TIM4_IRQHandler)
    TIM4_Int_Init                            0x0800679d   Thumb Code    94  timer.o(i.TIM4_Int_Init)
    TIM_ARRPreloadConfig                     0x08006801   Thumb Code    24  stm32f4xx_tim.o(i.TIM_ARRPreloadConfig)
    TIM_ClearITPendingBit                    0x08006819   Thumb Code     6  stm32f4xx_tim.o(i.TIM_ClearITPendingBit)
    TIM_Cmd                                  0x0800681f   Thumb Code    24  stm32f4xx_tim.o(i.TIM_Cmd)
    TIM_CtrlPWMOutputs                       0x08006837   Thumb Code    30  stm32f4xx_tim.o(i.TIM_CtrlPWMOutputs)
    TIM_DeInit                               0x08006855   Thumb Code   346  stm32f4xx_tim.o(i.TIM_DeInit)
    TIM_GetITStatus                          0x080069e5   Thumb Code    34  stm32f4xx_tim.o(i.TIM_GetITStatus)
    TIM_ITConfig                             0x08006a07   Thumb Code    18  stm32f4xx_tim.o(i.TIM_ITConfig)
    TIM_OC1Init                              0x08006a19   Thumb Code   114  stm32f4xx_tim.o(i.TIM_OC1Init)
    TIM_OC1PreloadConfig                     0x08006a95   Thumb Code    18  stm32f4xx_tim.o(i.TIM_OC1PreloadConfig)
    TIM_OC2Init                              0x08006aa9   Thumb Code   154  stm32f4xx_tim.o(i.TIM_OC2Init)
    TIM_OC2PreloadConfig                     0x08006b4d   Thumb Code    26  stm32f4xx_tim.o(i.TIM_OC2PreloadConfig)
    TIM_OC4Init                              0x08006b69   Thumb Code   112  stm32f4xx_tim.o(i.TIM_OC4Init)
    TIM_OC4PreloadConfig                     0x08006be1   Thumb Code    26  stm32f4xx_tim.o(i.TIM_OC4PreloadConfig)
    TIM_TimeBaseInit                         0x08006bfd   Thumb Code   104  stm32f4xx_tim.o(i.TIM_TimeBaseInit)
    Total_PID_Init                           0x08006c81   Thumb Code   486  pid.o(i.Total_PID_Init)
    Twist                                    0x08006eb5   Thumb Code   194  shoot.o(i.Twist)
    USART3_IRQHandler                        0x08006f99   Thumb Code   122  usart.o(i.USART3_IRQHandler)
    USART6_IRQHandler                        0x08007021   Thumb Code    90  comm_umpire.o(i.USART6_IRQHandler)
    USART_Cmd                                0x0800708d   Thumb Code    24  stm32f4xx_usart.o(i.USART_Cmd)
    USART_DMACmd                             0x080070a5   Thumb Code    18  stm32f4xx_usart.o(i.USART_DMACmd)
    USART_DeInit                             0x080070b9   Thumb Code   206  stm32f4xx_usart.o(i.USART_DeInit)
    USART_GetITStatus                        0x080071a9   Thumb Code    84  stm32f4xx_usart.o(i.USART_GetITStatus)
    USART_ITConfig                           0x080071fd   Thumb Code    74  stm32f4xx_usart.o(i.USART_ITConfig)
    USART_Init                               0x08007249   Thumb Code   204  stm32f4xx_usart.o(i.USART_Init)
    USART_ReceiveData                        0x0800731d   Thumb Code    10  stm32f4xx_usart.o(i.USART_ReceiveData)
    UsageFault_Handler                       0x08007327   Thumb Code     4  stm32f4xx_it.o(i.UsageFault_Handler)
    Verify_CRC16_Check_Sum                   0x0800732d   Thumb Code    50  crc.o(i.Verify_CRC16_Check_Sum)
    Verify_CRC8_Check_Sum                    0x08007365   Thumb Code    46  crc.o(i.Verify_CRC8_Check_Sum)
    Yaw_angle_pid                            0x08007395   Thumb Code   446  shoot.o(i.Yaw_angle_pid)
    __ARM_fpclassify                         0x08007595   Thumb Code    48  fpclassify.o(i.__ARM_fpclassify)
    __ARM_fpclassifyf                        0x080075c5   Thumb Code    38  fpclassifyf.o(i.__ARM_fpclassifyf)
    __hardfp_asinf                           0x0800760d   Thumb Code   258  asinf.o(i.__hardfp_asinf)
    __hardfp_atan                            0x08007739   Thumb Code   622  atan.o(i.__hardfp_atan)
    __hardfp_atan2                           0x08007a11   Thumb Code   448  atan2.o(i.__hardfp_atan2)
    __hardfp_atan2f                          0x08007c11   Thumb Code   594  atan2f.o(i.__hardfp_atan2f)
    __hardfp_cosf                            0x08007ebd   Thumb Code   280  cosf.o(i.__hardfp_cosf)
    __hardfp_fabs                            0x0800800d   Thumb Code    20  fabs.o(i.__hardfp_fabs)
    __hardfp_sinf                            0x08008021   Thumb Code   344  sinf.o(i.__hardfp_sinf)
    __hardfp_sqrt                            0x080081b1   Thumb Code   122  sqrt.o(i.__hardfp_sqrt)
    __hardfp_tanf                            0x0800822d   Thumb Code   322  tanf.o(i.__hardfp_tanf)
    __kernel_poly                            0x080083a9   Thumb Code   248  poly.o(i.__kernel_poly)
    __mathlib_dbl_infnan                     0x080084a1   Thumb Code    20  dunder.o(i.__mathlib_dbl_infnan)
    __mathlib_dbl_infnan2                    0x080084b5   Thumb Code    20  dunder.o(i.__mathlib_dbl_infnan2)
    __mathlib_dbl_underflow                  0x080084c9   Thumb Code    24  dunder.o(i.__mathlib_dbl_underflow)
    __mathlib_flt_infnan                     0x080084e9   Thumb Code     6  funder.o(i.__mathlib_flt_infnan)
    __mathlib_flt_infnan2                    0x080084ef   Thumb Code     6  funder.o(i.__mathlib_flt_infnan2)
    __mathlib_flt_invalid                    0x080084f5   Thumb Code    10  funder.o(i.__mathlib_flt_invalid)
    __mathlib_flt_underflow                  0x08008505   Thumb Code    10  funder.o(i.__mathlib_flt_underflow)
    __mathlib_rredf2                         0x08008515   Thumb Code   316  rredf.o(i.__mathlib_rredf2)
    _sys_exit                                0x08008669   Thumb Code     4  usart.o(i._sys_exit)
    atan                                     0x0800866d   Thumb Code    16  atan.o(i.atan)
    cycleCounterInit                         0x0800867d   Thumb Code    22  stm32f4xx_it.o(i.cycleCounterInit)
    delay_ms                                 0x0800869d   Thumb Code    34  delay.o(i.delay_ms)
    digital_init                             0x080086c1   Thumb Code    64  digital.o(i.digital_init)
    encoders_err                             0x08008705   Thumb Code    78  ctrl_chassis.o(i.encoders_err)
    encoders_err_shoot                       0x08008761   Thumb Code    66  shoot.o(i.encoders_err_shoot)
    fabs                                     0x080087b1   Thumb Code    24  fabs.o(i.fabs)
    fputc                                    0x080087c9   Thumb Code    24  usart.o(i.fputc)
    fric1_on                                 0x080087e5   Thumb Code    14  fric.o(i.fric1_on)
    fric2_on                                 0x080087f3   Thumb Code    14  fric.o(i.fric2_on)
    fric_PWM_configuration                   0x08008801   Thumb Code   306  fric.o(i.fric_PWM_configuration)
    fric_off                                 0x08008945   Thumb Code    24  fric.o(i.fric_off)
    kalman                                   0x080089c9   Thumb Code   144  can1.o(i.kalman)
    laser_off                                0x08008a69   Thumb Code    14  led.o(i.laser_off)
    laser_on                                 0x08008a7d   Thumb Code    14  led.o(i.laser_on)
    main                                     0x08008a91   Thumb Code   746  main.o(i.main)
    micros                                   0x08008dbd   Thumb Code    58  stm32f4xx_it.o(i.micros)
    motor_angle_ctrl                         0x08008e01   Thumb Code   490  ctrl_chassis.o(i.motor_angle_ctrl)
    motor_angle_pid                          0x08009011   Thumb Code   520  shoot.o(i.motor_angle_pid)
    power_ctrl_configuration                 0x08009255   Thumb Code    66  power_ctrl.o(i.power_ctrl_configuration)
    power_ctrl_off                           0x0800929d   Thumb Code    26  power_ctrl.o(i.power_ctrl_off)
    shoot_control_loop                       0x080092bd   Thumb Code    22  shoot.o(i.shoot_control_loop)
    sqrtf                                    0x080092d3   Thumb Code    62  sqrtf.o(i.sqrtf)
    usart_init                               0x08009311   Thumb Code   164  usart.o(i.usart_init)
    virtual_encoders                         0x080093bd   Thumb Code    94  ctrl_chassis.o(i.virtual_encoders)
    virtual_encoders_shoot                   0x08009421   Thumb Code    64  shoot.o(i.virtual_encoders_shoot)
    _get_lc_numeric                          0x08009465   Thumb Code    44  lc_numeric_c.o(locale$$code)
    __aeabi_dneg                             0x08009491   Thumb Code     0  basic.o(x$fpl$basic)
    _dneg                                    0x08009491   Thumb Code     6  basic.o(x$fpl$basic)
    __aeabi_fneg                             0x08009497   Thumb Code     0  basic.o(x$fpl$basic)
    _fneg                                    0x08009497   Thumb Code     6  basic.o(x$fpl$basic)
    _dabs                                    0x0800949d   Thumb Code     6  basic.o(x$fpl$basic)
    _fabs                                    0x080094a3   Thumb Code     6  basic.o(x$fpl$basic)
    __aeabi_d2f                              0x080094a9   Thumb Code     0  d2f.o(x$fpl$d2f)
    _d2f                                     0x080094a9   Thumb Code    98  d2f.o(x$fpl$d2f)
    __aeabi_dadd                             0x0800950d   Thumb Code     0  daddsub_clz.o(x$fpl$dadd)
    _dadd                                    0x0800950d   Thumb Code   332  daddsub_clz.o(x$fpl$dadd)
    __fpl_dcmp_Inf                           0x0800965d   Thumb Code    24  dcmpi.o(x$fpl$dcmpinf)
    __aeabi_ddiv                             0x08009675   Thumb Code     0  ddiv.o(x$fpl$ddiv)
    _ddiv                                    0x08009675   Thumb Code   552  ddiv.o(x$fpl$ddiv)
    __aeabi_cdcmpeq                          0x08009925   Thumb Code     0  deqf.o(x$fpl$deqf)
    _dcmpeq                                  0x08009925   Thumb Code   120  deqf.o(x$fpl$deqf)
    __aeabi_d2iz                             0x0800999d   Thumb Code     0  dfix.o(x$fpl$dfix)
    _dfix                                    0x0800999d   Thumb Code    94  dfix.o(x$fpl$dfix)
    __aeabi_i2d                              0x080099fb   Thumb Code     0  dflt_clz.o(x$fpl$dflt)
    _dflt                                    0x080099fb   Thumb Code    46  dflt_clz.o(x$fpl$dflt)
    __aeabi_cdcmple                          0x08009a29   Thumb Code     0  dleqf.o(x$fpl$dleqf)
    _dcmple                                  0x08009a29   Thumb Code   120  dleqf.o(x$fpl$dleqf)
    __fpl_dcmple_InfNaN                      0x08009a8b   Thumb Code     0  dleqf.o(x$fpl$dleqf)
    __aeabi_dmul                             0x08009aa1   Thumb Code     0  dmul.o(x$fpl$dmul)
    _dmul                                    0x08009aa1   Thumb Code   332  dmul.o(x$fpl$dmul)
    __fpl_dnaninf                            0x08009bf5   Thumb Code   156  dnaninf.o(x$fpl$dnaninf)
    __fpl_dretinf                            0x08009c91   Thumb Code    12  dretinf.o(x$fpl$dretinf)
    __aeabi_drsub                            0x08009c9d   Thumb Code     0  daddsub_clz.o(x$fpl$drsb)
    _drsb                                    0x08009c9d   Thumb Code    22  daddsub_clz.o(x$fpl$drsb)
    _dsqrt                                   0x08009cb5   Thumb Code   404  dsqrt_umaal.o(x$fpl$dsqrt)
    __aeabi_dsub                             0x08009e4d   Thumb Code     0  daddsub_clz.o(x$fpl$dsub)
    _dsub                                    0x08009e4d   Thumb Code   464  daddsub_clz.o(x$fpl$dsub)
    __aeabi_f2d                              0x0800a021   Thumb Code     0  f2d.o(x$fpl$f2d)
    _f2d                                     0x0800a021   Thumb Code    86  f2d.o(x$fpl$f2d)
    __fpl_fnaninf                            0x0800a077   Thumb Code   140  fnaninf.o(x$fpl$fnaninf)
    _fp_init                                 0x0800a103   Thumb Code    10  fpinit.o(x$fpl$fpinit)
    __fplib_config_fpu_vfp                   0x0800a10b   Thumb Code     0  fpinit.o(x$fpl$fpinit)
    __fplib_config_pureend_doubles           0x0800a10b   Thumb Code     0  fpinit.o(x$fpl$fpinit)
    __fpl_fretinf                            0x0800a10d   Thumb Code    10  fretinf.o(x$fpl$fretinf)
    _printf_fp_dec                           0x0800a117   Thumb Code     4  printf1.o(x$fpl$printf1)
    __I$use$fp                               0x0800a11a   Number         0  usenofp.o(x$fpl$usenofp)
    CRC8_INIT                                0x0800a130   Data           1  crc.o(.constdata)
    CRC8_TAB                                 0x0800a131   Data         256  crc.o(.constdata)
    wCRC_Table                               0x0800a232   Data         512  crc.o(.constdata)
    __mathlib_zero                           0x0800a4f0   Data           8  qnan.o(.constdata)
    Region$$Table$$Base                      0x0800a5ac   Number         0  anon$$obj.o(Region$$Table)
    Region$$Table$$Limit                     0x0800a5cc   Number         0  anon$$obj.o(Region$$Table)
    SystemCoreClock                          0x20000000   Data           4  system_stm32f4xx.o(.data)
    AHBPrescTable                            0x20000004   Data          16  system_stm32f4xx.o(.data)
    __stdout                                 0x20000024   Data           4  usart.o(.data)
    USART_RX_STA                             0x20000028   Data           2  usart.o(.data)
    cnt                                      0x2000002c   Data           5  can1.o(.data)
    Q                                        0x20000034   Data           4  can1.o(.data)
    R                                        0x20000038   Data           4  can1.o(.data)
    variance_kalman                          0x2000003c   Data          40  can1.o(.data)
    MPU_id                                   0x20000064   Data           1  mpu6500.o(.data)
    failsafe_flag                            0x2000006a   Data           1  remotecontrol.o(.data)
    Umpire_State                             0x2000006c   Data           8  comm_umpire.o(.data)
    Umpire_Hurt                              0x20000074   Data           2  comm_umpire.o(.data)
    Umpire_Shoot                             0x20000076   Data           6  comm_umpire.o(.data)
    Umpire_Rfid                              0x2000007c   Data           2  comm_umpire.o(.data)
    Umpire_GameResult                        0x2000007e   Data           1  comm_umpire.o(.data)
    Umpire_Buff                              0x2000007f   Data           2  comm_umpire.o(.data)
    TX2_Data                                 0x20000081   Data           8  can2.o(.data)
    Hz500_Cnt                                0x20000089   Data           1  timer.o(.data)
    Hz200_Cnt1                               0x2000008a   Data           1  timer.o(.data)
    Hz100_Cnt1                               0x2000008b   Data           1  timer.o(.data)
    Hz50_Cnt                                 0x2000008c   Data           1  timer.o(.data)
    Hz200_Cnt2                               0x2000008d   Data           1  timer.o(.data)
    Hz100_Cnt2                               0x2000008e   Data           1  timer.o(.data)
    Flag50Hz                                 0x2000008f   Data           1  timer.o(.data)
    Flag100Hz_Thread1                        0x20000090   Data           1  timer.o(.data)
    Flag100Hz_Thread2                        0x20000091   Data           1  timer.o(.data)
    Flag200Hz_Thread1                        0x20000092   Data           1  timer.o(.data)
    Flag200Hz_Thread2                        0x20000093   Data           1  timer.o(.data)
    Flag500Hz                                0x20000094   Data           1  timer.o(.data)
    CRC_INIT                                 0x20000096   Data           2  crc.o(.data)
    Encoders                                 0x20000098   Data           8  ctrl_chassis.o(.data)
    Vx_Lpf                                   0x20000160   Data           4  higher_class.o(.data)
    Vy_Lpf                                   0x20000164   Data           4  higher_class.o(.data)
    Wz_Lpf                                   0x20000168   Data           4  higher_class.o(.data)
    bFilterInit                              0x200001c0   Data           1  imu.o(.data)
    View_Flag                                0x200001d0   Data           1  user_api.o(.data)
    Bullet_Flag                              0x200001d1   Data           1  user_api.o(.data)
    Chassis_Flag                             0x200001d2   Data           1  user_api.o(.data)
    Left_Flag                                0x200001d3   Data           1  user_api.o(.data)
    Right_Flag                               0x200001d4   Data           1  user_api.o(.data)
    viewcnt                                  0x200001d5   Data           1  user_api.o(.data)
    bulletcnt                                0x200001d6   Data           1  user_api.o(.data)
    chassiscnt                               0x200001d7   Data           1  user_api.o(.data)
    armcnt                                   0x200001d8   Data           1  user_api.o(.data)
    leftcnt                                  0x200001d9   Data           1  user_api.o(.data)
    rightcnt                                 0x200001da   Data           1  user_api.o(.data)
    TrashyTime_Flag                          0x200001db   Data           1  user_api.o(.data)
    Twist_Flag                               0x200001dc   Data           1  user_api.o(.data)
    Vision_Flag                              0x200001dd   Data           1  user_api.o(.data)
    ShootBuff_Flag                           0x200001de   Data           1  user_api.o(.data)
    Shoot_Flag                               0x200001df   Data           1  user_api.o(.data)
    Shoot_Motor                              0x200001e0   Data           1  user_api.o(.data)
    Chassis_mode                             0x200001e1   Data           1  user_api.o(.data)
    TwistCnt                                 0x200001e2   Data           1  user_api.o(.data)
    BuffCnt                                  0x200001e3   Data           1  user_api.o(.data)
    ShootMotorCnt                            0x200001e4   Data           1  user_api.o(.data)
    ShootProject_TrashyTime                  0x200001e8   Data           8  user_api.o(.data)
    ShootProject_Level1                      0x200001f0   Data           8  user_api.o(.data)
    ShootProject_Level2                      0x200001f8   Data           8  user_api.o(.data)
    ShootProject_Level3                      0x20000200   Data           8  user_api.o(.data)
    ShootProject_Pillbox                     0x20000208   Data           8  user_api.o(.data)
    ShootProject_Gate                        0x20000210   Data           8  user_api.o(.data)
    SmallBuff                                0x20000218   Data           8  user_api.o(.data)
    BigBuff                                  0x20000220   Data           8  user_api.o(.data)
    Shoot_Frequency                          0x20000228   Data           2  user_api.o(.data)
    targetSpeed                              0x2000022c   Data           2  shoot.o(.data)
    pid_out                                  0x2000022e   Data           2  shoot.o(.data)
    printfBuff1                              0x20000230   Data           4  shoot.o(.data)
    printfBuff2                              0x20000234   Data           4  shoot.o(.data)
    Yaw_EncodeAngle                          0x20000238   Data           4  shoot.o(.data)
    Pitch_EncodeAngle                        0x2000023c   Data           4  shoot.o(.data)
    E_yaw                                    0x20000240   Data           4  shoot.o(.data)
    angleYaw                                 0x20000244   Data           4  shoot.o(.data)
    shootSpeed                               0x20000248   Data           2  shoot.o(.data)
    Encoders_shoot                           0x20000258   Data           2  shoot.o(.data)
    twist                                    0x20000270   Data           4  shoot.o(.data)
    loopcnt                                  0x20000278   Data           2  main.o(.data)
    fricOn                                   0x2000027c   Data           4  main.o(.data)
    sysTickUptime                            0x20000284   Data           4  stm32f4xx_it.o(.data)
    USART_RX_BUF                             0x20000288   Data         200  usart.o(.bss)
    motor_data                               0x20000350   Data          84  can1.o(.bss)
    old_angle                                0x200003a4   Data          14  can1.o(.bss)
    old_kalman                               0x200003b4   Data          40  can1.o(.bss)
    imu                                      0x200003dc   Data         196  mpu6500.o(.bss)
    sbus_rx_buffer                           0x200004a0   Data          25  remotecontrol.o(.bss)
    RC_Ctl                                   0x200004b9   Data          36  remotecontrol.o(.bss)
    Rx_buffer                                0x200004dd   Data         100  comm_umpire.o(.bss)
    SendBuff                                 0x20000541   Data         100  comm_umpire.o(.bss)
    Umpire_PowerHeat                         0x200005a5   Data          20  comm_umpire.o(.bss)
    Umpire_RobotPos                          0x200005b9   Data          16  comm_umpire.o(.bss)
    Vision_Data                              0x200005cc   Data          12  can2.o(.bss)
    Control_data                             0x20000620   Data          20  user_api.o(.bss)
    old_output                               0x20000634   Data          16  user_api.o(.bss)
    motor_speed_pid                          0x20000644   Data         464  pid.o(.bss)
    Yaw_speed_pid                            0x20000814   Data         116  pid.o(.bss)
    Pitch_speed_pid                          0x20000888   Data         116  pid.o(.bss)
    Pitch_angle_pid                          0x200008fc   Data         116  pid.o(.bss)
    Fire_speed_pid                           0x20000970   Data         116  pid.o(.bss)
    __libspace_start                         0x200009e4   Data          96  libspace.o(.bss)
    __temporary_stack_top$libspace           0x20000a44   Data           0  libspace.o(.bss)



==============================================================================

Memory Map of the image

  Image Entry point : 0x080001ad

  Load Region LR_IROM1 (Base: 0x08000000, Size: 0x0000a870, Max: 0x00200000, ABSOLUTE, COMPRESSED[0x0000a634])

    Execution Region ER_IROM1 (Exec base: 0x08000000, Load base: 0x08000000, Size: 0x0000a5e8, Max: 0x00200000, ABSOLUTE)

    Exec Addr    Load Addr    Size         Type   Attr      Idx    E Section Name        Object

    0x08000000   0x08000000   0x000001ac   Data   RO            3    RESET               startup_stm32f427xx.o
    0x080001ac   0x080001ac   0x00000008   Code   RO         4746  * !!!main             c_w.l(__main.o)
    0x080001b4   0x080001b4   0x00000034   Code   RO         5167    !!!scatter          c_w.l(__scatter.o)
    0x080001e8   0x080001e8   0x0000005a   Code   RO         5165    !!dczerorl2         c_w.l(__dczerorl2.o)
    0x08000242   0x08000242   0x00000002   PAD
    0x08000244   0x08000244   0x0000001c   Code   RO         5169    !!handler_zi        c_w.l(__scatter_zi.o)
    0x08000260   0x08000260   0x00000000   Code   RO         4741    .ARM.Collect$$_printf_percent$$00000000  c_w.l(_printf_percent.o)
    0x08000260   0x08000260   0x00000006   Code   RO         4740    .ARM.Collect$$_printf_percent$$00000003  c_w.l(_printf_f.o)
    0x08000266   0x08000266   0x00000004   Code   RO         4877    .ARM.Collect$$_printf_percent$$00000017  c_w.l(_printf_percent_end.o)
    0x0800026a   0x0800026a   0x00000002   Code   RO         5040    .ARM.Collect$$libinit$$00000000  c_w.l(libinit.o)
    0x0800026c   0x0800026c   0x00000004   Code   RO         5041    .ARM.Collect$$libinit$$00000001  c_w.l(libinit2.o)
    0x08000270   0x08000270   0x00000000   Code   RO         5044    .ARM.Collect$$libinit$$00000004  c_w.l(libinit2.o)
    0x08000270   0x08000270   0x00000000   Code   RO         5047    .ARM.Collect$$libinit$$0000000A  c_w.l(libinit2.o)
    0x08000270   0x08000270   0x00000000   Code   RO         5049    .ARM.Collect$$libinit$$0000000C  c_w.l(libinit2.o)
    0x08000270   0x08000270   0x00000000   Code   RO         5051    .ARM.Collect$$libinit$$0000000E  c_w.l(libinit2.o)
    0x08000270   0x08000270   0x00000006   Code   RO         5052    .ARM.Collect$$libinit$$0000000F  c_w.l(libinit2.o)
    0x08000276   0x08000276   0x00000000   Code   RO         5054    .ARM.Collect$$libinit$$00000011  c_w.l(libinit2.o)
    0x08000276   0x08000276   0x00000000   Code   RO         5056    .ARM.Collect$$libinit$$00000013  c_w.l(libinit2.o)
    0x08000276   0x08000276   0x00000000   Code   RO         5058    .ARM.Collect$$libinit$$00000015  c_w.l(libinit2.o)
    0x08000276   0x08000276   0x0000000a   Code   RO         5059    .ARM.Collect$$libinit$$00000016  c_w.l(libinit2.o)
    0x08000280   0x08000280   0x00000000   Code   RO         5060    .ARM.Collect$$libinit$$00000017  c_w.l(libinit2.o)
    0x08000280   0x08000280   0x00000000   Code   RO         5062    .ARM.Collect$$libinit$$00000019  c_w.l(libinit2.o)
    0x08000280   0x08000280   0x00000000   Code   RO         5064    .ARM.Collect$$libinit$$0000001B  c_w.l(libinit2.o)
    0x08000280   0x08000280   0x00000000   Code   RO         5066    .ARM.Collect$$libinit$$0000001D  c_w.l(libinit2.o)
    0x08000280   0x08000280   0x00000000   Code   RO         5068    .ARM.Collect$$libinit$$0000001F  c_w.l(libinit2.o)
    0x08000280   0x08000280   0x00000000   Code   RO         5070    .ARM.Collect$$libinit$$00000021  c_w.l(libinit2.o)
    0x08000280   0x08000280   0x00000000   Code   RO         5072    .ARM.Collect$$libinit$$00000023  c_w.l(libinit2.o)
    0x08000280   0x08000280   0x00000000   Code   RO         5074    .ARM.Collect$$libinit$$00000025  c_w.l(libinit2.o)
    0x08000280   0x08000280   0x00000000   Code   RO         5078    .ARM.Collect$$libinit$$0000002C  c_w.l(libinit2.o)
    0x08000280   0x08000280   0x00000000   Code   RO         5080    .ARM.Collect$$libinit$$0000002E  c_w.l(libinit2.o)
    0x08000280   0x08000280   0x00000000   Code   RO         5082    .ARM.Collect$$libinit$$00000030  c_w.l(libinit2.o)
    0x08000280   0x08000280   0x00000000   Code   RO         5084    .ARM.Collect$$libinit$$00000032  c_w.l(libinit2.o)
    0x08000280   0x08000280   0x00000002   Code   RO         5085    .ARM.Collect$$libinit$$00000033  c_w.l(libinit2.o)
    0x08000282   0x08000282   0x00000002   Code   RO         5113    .ARM.Collect$$libshutdown$$00000000  c_w.l(libshutdown.o)
    0x08000284   0x08000284   0x00000000   Code   RO         5122    .ARM.Collect$$libshutdown$$00000002  c_w.l(libshutdown2.o)
    0x08000284   0x08000284   0x00000000   Code   RO         5124    .ARM.Collect$$libshutdown$$00000004  c_w.l(libshutdown2.o)
    0x08000284   0x08000284   0x00000000   Code   RO         5126    .ARM.Collect$$libshutdown$$00000006  c_w.l(libshutdown2.o)
    0x08000284   0x08000284   0x00000000   Code   RO         5129    .ARM.Collect$$libshutdown$$00000009  c_w.l(libshutdown2.o)
    0x08000284   0x08000284   0x00000000   Code   RO         5132    .ARM.Collect$$libshutdown$$0000000C  c_w.l(libshutdown2.o)
    0x08000284   0x08000284   0x00000000   Code   RO         5134    .ARM.Collect$$libshutdown$$0000000E  c_w.l(libshutdown2.o)
    0x08000284   0x08000284   0x00000000   Code   RO         5137    .ARM.Collect$$libshutdown$$00000011  c_w.l(libshutdown2.o)
    0x08000284   0x08000284   0x00000002   Code   RO         5138    .ARM.Collect$$libshutdown$$00000012  c_w.l(libshutdown2.o)
    0x08000286   0x08000286   0x00000000   Code   RO         4870    .ARM.Collect$$rtentry$$00000000  c_w.l(__rtentry.o)
    0x08000286   0x08000286   0x00000000   Code   RO         4956    .ARM.Collect$$rtentry$$00000002  c_w.l(__rtentry2.o)
    0x08000286   0x08000286   0x00000006   Code   RO         4968    .ARM.Collect$$rtentry$$00000004  c_w.l(__rtentry4.o)
    0x0800028c   0x0800028c   0x00000000   Code   RO         4958    .ARM.Collect$$rtentry$$00000009  c_w.l(__rtentry2.o)
    0x0800028c   0x0800028c   0x00000004   Code   RO         4959    .ARM.Collect$$rtentry$$0000000A  c_w.l(__rtentry2.o)
    0x08000290   0x08000290   0x00000000   Code   RO         4961    .ARM.Collect$$rtentry$$0000000C  c_w.l(__rtentry2.o)
    0x08000290   0x08000290   0x00000008   Code   RO         4962    .ARM.Collect$$rtentry$$0000000D  c_w.l(__rtentry2.o)
    0x08000298   0x08000298   0x00000002   Code   RO         5086    .ARM.Collect$$rtexit$$00000000  c_w.l(rtexit.o)
    0x0800029a   0x0800029a   0x00000000   Code   RO         5093    .ARM.Collect$$rtexit$$00000002  c_w.l(rtexit2.o)
    0x0800029a   0x0800029a   0x00000004   Code   RO         5094    .ARM.Collect$$rtexit$$00000003  c_w.l(rtexit2.o)
    0x0800029e   0x0800029e   0x00000006   Code   RO         5095    .ARM.Collect$$rtexit$$00000004  c_w.l(rtexit2.o)
    0x080002a4   0x080002a4   0x00000040   Code   RO            4    .text               startup_stm32f427xx.o
    0x080002e4   0x080002e4   0x00000002   Code   RO         4712    .text               c_w.l(use_no_semi_2.o)
    0x080002e6   0x080002e6   0x00000002   PAD
    0x080002e8   0x080002e8   0x00000018   Code   RO         4716    .text               c_w.l(noretval__2printf.o)
    0x08000300   0x08000300   0x00000068   Code   RO         4718    .text               c_w.l(__printf.o)
    0x08000368   0x08000368   0x00000064   Code   RO         4742    .text               c_w.l(rt_memcpy_w.o)
    0x080003cc   0x080003cc   0x00000006   Code   RO         4744    .text               c_w.l(heapauxi.o)
    0x080003d2   0x080003d2   0x00000002   Code   RO         4868    .text               c_w.l(use_no_semi.o)
    0x080003d4   0x080003d4   0x00000016   Code   RO         4871    .text               c_w.l(_rserrno.o)
    0x080003ea   0x080003ea   0x0000041e   Code   RO         4873    .text               c_w.l(_printf_fp_dec.o)
    0x08000808   0x08000808   0x00000024   Code   RO         4875    .text               c_w.l(_printf_char_file.o)
    0x0800082c   0x0800082c   0x00000008   Code   RO         4973    .text               c_w.l(rt_locale_intlibspace.o)
    0x08000834   0x08000834   0x00000008   Code   RO         4978    .text               c_w.l(rt_errno_addr_intlibspace.o)
    0x0800083c   0x0800083c   0x0000008a   Code   RO         4980    .text               c_w.l(lludiv10.o)
    0x080008c6   0x080008c6   0x00000002   PAD
    0x080008c8   0x080008c8   0x00000030   Code   RO         4982    .text               c_w.l(_printf_char_common.o)
    0x080008f8   0x080008f8   0x00000080   Code   RO         4984    .text               c_w.l(_printf_fp_infnan.o)
    0x08000978   0x08000978   0x000000e4   Code   RO         4986    .text               c_w.l(bigflt0.o)
    0x08000a5c   0x08000a5c   0x00000008   Code   RO         5011    .text               c_w.l(ferror.o)
    0x08000a64   0x08000a64   0x00000008   Code   RO         5024    .text               c_w.l(libspace.o)
    0x08000a6c   0x08000a6c   0x0000004a   Code   RO         5027    .text               c_w.l(sys_stackheap_outer.o)
    0x08000ab6   0x08000ab6   0x00000012   Code   RO         5031    .text               c_w.l(exit.o)
    0x08000ac8   0x08000ac8   0x00000080   Code   RO         5033    .text               c_w.l(strcmpv7m.o)
    0x08000b48   0x08000b48   0x0000003e   Code   RO         4989    CL$$btod_d2e        c_w.l(btod.o)
    0x08000b86   0x08000b86   0x00000046   Code   RO         4991    CL$$btod_d2e_denorm_low  c_w.l(btod.o)
    0x08000bcc   0x08000bcc   0x00000060   Code   RO         4990    CL$$btod_d2e_norm_op1  c_w.l(btod.o)
    0x08000c2c   0x08000c2c   0x00000338   Code   RO         4999    CL$$btod_div_common  c_w.l(btod.o)
    0x08000f64   0x08000f64   0x000000dc   Code   RO         4996    CL$$btod_e2e        c_w.l(btod.o)
    0x08001040   0x08001040   0x0000002a   Code   RO         4993    CL$$btod_ediv       c_w.l(btod.o)
    0x0800106a   0x0800106a   0x0000002a   Code   RO         4992    CL$$btod_emul       c_w.l(btod.o)
    0x08001094   0x08001094   0x00000244   Code   RO         4998    CL$$btod_mult_common  c_w.l(btod.o)
    0x080012d8   0x080012d8   0x00000158   Code   RO         3275    i.Angle_deal        can1.o
    0x08001430   0x08001430   0x00000360   Code   RO         4201    i.Astrict_Acc       higher_class.o
    0x08001790   0x08001790   0x00000004   Code   RO         4620    i.BusFault_Handler  stm32f4xx_it.o
    0x08001794   0x08001794   0x00000100   Code   RO         3276    i.CAN1_Configuration  can1.o
    0x08001894   0x08001894   0x000002bc   Code   RO         3277    i.CAN1_RX0_IRQHandler  can1.o
    0x08001b50   0x08001b50   0x0000008c   Code   RO         3278    i.CAN1_SendCommand_chassis  can1.o
    0x08001bdc   0x08001bdc   0x00000070   Code   RO         3279    i.CAN1_Send_Msg_gimbal  can1.o
    0x08001c4c   0x08001c4c   0x00000104   Code   RO         3801    i.CAN2_Configuration  can2.o
    0x08001d50   0x08001d50   0x00000100   Code   RO         3802    i.CAN2_RX0_IRQHandler  can2.o
    0x08001e50   0x08001e50   0x00000038   Code   RO          469    i.CAN_ClearFlag     stm32f4xx_can.o
    0x08001e88   0x08001e88   0x000000a8   Code   RO          470    i.CAN_ClearITPendingBit  stm32f4xx_can.o
    0x08001f30   0x08001f30   0x00000038   Code   RO          472    i.CAN_DeInit        stm32f4xx_can.o
    0x08001f68   0x08001f68   0x00000108   Code   RO          474    i.CAN_FilterInit    stm32f4xx_can.o
    0x08002070   0x08002070   0x00000120   Code   RO          476    i.CAN_GetITStatus   stm32f4xx_can.o
    0x08002190   0x08002190   0x00000012   Code   RO          480    i.CAN_ITConfig      stm32f4xx_can.o
    0x080021a2   0x080021a2   0x00000114   Code   RO          481    i.CAN_Init          stm32f4xx_can.o
    0x080022b6   0x080022b6   0x000000f0   Code   RO          484    i.CAN_Receive       stm32f4xx_can.o
    0x080023a6   0x080023a6   0x00000020   Code   RO          487    i.CAN_StructInit    stm32f4xx_can.o
    0x080023c6   0x080023c6   0x00000126   Code   RO          489    i.CAN_Transmit      stm32f4xx_can.o
    0x080024ec   0x080024ec   0x000000a0   Code   RO          490    i.CAN_TransmitStatus  stm32f4xx_can.o
    0x0800258c   0x0800258c   0x0000028c   Code   RO         4456    i.Chassis_AutoFollow  shoot.o
    0x08002818   0x08002818   0x00000084   Code   RO         4326    i.Chassis_Task      user_api.o
    0x0800289c   0x0800289c   0x00000012   Code   RO          492    i.CheckITStatus     stm32f4xx_can.o
    0x080028ae   0x080028ae   0x00000002   PAD
    0x080028b0   0x080028b0   0x00000118   Code   RO         3706    i.Comm_umpire_Init  comm_umpire.o
    0x080029c8   0x080029c8   0x00000030   Code   RO         3623    i.DMA2_Stream5_IRQHandler  remotecontrol.o
    0x080029f8   0x080029f8   0x00000020   Code   RO         3707    i.DMA2_Stream7_IRQHandler  comm_umpire.o
    0x08002a18   0x08002a18   0x00000034   Code   RO          675    i.DMA_ClearFlag     stm32f4xx_dma.o
    0x08002a4c   0x08002a4c   0x00000034   Code   RO          676    i.DMA_ClearITPendingBit  stm32f4xx_dma.o
    0x08002a80   0x08002a80   0x00000016   Code   RO          677    i.DMA_Cmd           stm32f4xx_dma.o
    0x08002a96   0x08002a96   0x00000002   PAD
    0x08002a98   0x08002a98   0x00000158   Code   RO          678    i.DMA_DeInit        stm32f4xx_dma.o
    0x08002bf0   0x08002bf0   0x00000008   Code   RO          683    i.DMA_GetCurrDataCounter  stm32f4xx_dma.o
    0x08002bf8   0x08002bf8   0x00000044   Code   RO          686    i.DMA_GetFlagStatus  stm32f4xx_dma.o
    0x08002c3c   0x08002c3c   0x0000003a   Code   RO          688    i.DMA_ITConfig      stm32f4xx_dma.o
    0x08002c76   0x08002c76   0x00000002   PAD
    0x08002c78   0x08002c78   0x00000058   Code   RO          689    i.DMA_Init          stm32f4xx_dma.o
    0x08002cd0   0x08002cd0   0x00000004   Code   RO          692    i.DMA_SetCurrDataCounter  stm32f4xx_dma.o
    0x08002cd4   0x08002cd4   0x000001ac   Code   RO         3708    i.DealDataPack      comm_umpire.o
    0x08002e80   0x08002e80   0x00000002   Code   RO         4621    i.DebugMon_Handler  stm32f4xx_it.o
    0x08002e82   0x08002e82   0x00000002   PAD
    0x08002e84   0x08002e84   0x0000010c   Code   RO         4457    i.Encoder_angle_conversion  shoot.o
    0x08002f90   0x08002f90   0x0000002c   Code   RO         3624    i.FailSafe_Check    remotecontrol.o
    0x08002fbc   0x08002fbc   0x00000090   Code   RO         1120    i.GPIO_Init         stm32f4xx_gpio.o
    0x0800304c   0x0800304c   0x00000046   Code   RO         1121    i.GPIO_PinAFConfig  stm32f4xx_gpio.o
    0x08003092   0x08003092   0x00000004   Code   RO         1127    i.GPIO_ResetBits    stm32f4xx_gpio.o
    0x08003096   0x08003096   0x00000004   Code   RO         1128    i.GPIO_SetBits      stm32f4xx_gpio.o
    0x0800309a   0x0800309a   0x00000002   PAD
    0x0800309c   0x0800309c   0x0000002c   Code   RO         3887    i.Get_CRC16_Check_Sum  crc.o
    0x080030c8   0x080030c8   0x00000024   Code   RO         3888    i.Get_CRC8_Check_Sum  crc.o
    0x080030ec   0x080030ec   0x000004e0   Code   RO         4327    i.Get_Ctrl_Data     user_api.o
    0x080035cc   0x080035cc   0x000000ec   Code   RO         3625    i.Get_RC_Data       remotecontrol.o
    0x080036b8   0x080036b8   0x000000e8   Code   RO         3710    i.Get_UmpireData    comm_umpire.o
    0x080037a0   0x080037a0   0x00000184   Code   RO         4458    i.Gimbal_Ctrl       shoot.o
    0x08003924   0x08003924   0x00000014   Code   RO         4459    i.Gimbal_Ctrl_init  shoot.o
    0x08003938   0x08003938   0x00000004   Code   RO         4622    i.HardFault_Handler  stm32f4xx_it.o
    0x0800393c   0x0800393c   0x00000498   Code   RO         4270    i.IMUSO3Thread      imu.o
    0x08003dd4   0x08003dd4   0x0000005c   Code   RO         3474    i.IMU_Init          mpu6500.o
    0x08003e30   0x08003e30   0x00000044   Code   RO         4271    i.IMU_Temp_Ctrl     imu.o
    0x08003e74   0x08003e74   0x000001ac   Code   RO         4039    i.Inverse_Kinematic_Ctrl  ctrl_chassis.o
    0x08004020   0x08004020   0x0000011a   Code   RO         3626    i.KeyDataProcess    remotecontrol.o
    0x0800413a   0x0800413a   0x00000002   PAD
    0x0800413c   0x0800413c   0x00000060   Code   RO         3349    i.LED_Init          led.o
    0x0800419c   0x0800419c   0x000000e0   Code   RO         4102    i.LPF2pApply_1      filter.o
    0x0800427c   0x0800427c   0x000000e0   Code   RO         4103    i.LPF2pApply_2      filter.o
    0x0800435c   0x0800435c   0x000000e0   Code   RO         4104    i.LPF2pApply_3      filter.o
    0x0800443c   0x0800443c   0x000000e0   Code   RO         4105    i.LPF2pApply_4      filter.o
    0x0800451c   0x0800451c   0x000000e0   Code   RO         4106    i.LPF2pApply_5      filter.o
    0x080045fc   0x080045fc   0x000000e0   Code   RO         4107    i.LPF2pApply_6      filter.o
    0x080046dc   0x080046dc   0x00000110   Code   RO         4108    i.LPF2pSetCutoffFreq_1  filter.o
    0x080047ec   0x080047ec   0x00000110   Code   RO         4109    i.LPF2pSetCutoffFreq_2  filter.o
    0x080048fc   0x080048fc   0x00000110   Code   RO         4110    i.LPF2pSetCutoffFreq_3  filter.o
    0x08004a0c   0x08004a0c   0x00000110   Code   RO         4111    i.LPF2pSetCutoffFreq_4  filter.o
    0x08004b1c   0x08004b1c   0x00000110   Code   RO         4112    i.LPF2pSetCutoffFreq_5  filter.o
    0x08004c2c   0x08004c2c   0x00000110   Code   RO         4113    i.LPF2pSetCutoffFreq_6  filter.o
    0x08004d3c   0x08004d3c   0x00000038   Code   RO         3350    i.Laser_Init        led.o
    0x08004d74   0x08004d74   0x0000004c   Code   RO         3478    i.MPU6050AccRead    mpu6500.o
    0x08004dc0   0x08004dc0   0x0000004c   Code   RO         3479    i.MPU6050GyroRead   mpu6500.o
    0x08004e0c   0x08004e0c   0x00000054   Code   RO         3480    i.MPU6500_Init      mpu6500.o
    0x08004e60   0x08004e60   0x00000044   Code   RO         3481    i.MPU6500_Read_Reg  mpu6500.o
    0x08004ea4   0x08004ea4   0x00000040   Code   RO         3483    i.MPU6500_Write_Reg  mpu6500.o
    0x08004ee4   0x08004ee4   0x00000090   Code   RO         4202    i.Matrix_Translate  higher_class.o
    0x08004f74   0x08004f74   0x00000004   Code   RO         4623    i.MemManage_Handler  stm32f4xx_it.o
    0x08004f78   0x08004f78   0x00000002   Code   RO         4624    i.NMI_Handler       stm32f4xx_it.o
    0x08004f7a   0x08004f7a   0x00000002   PAD
    0x08004f7c   0x08004f7c   0x00000078   Code   RO          156    i.NVIC_Init         misc.o
    0x08004ff4   0x08004ff4   0x00000014   Code   RO          157    i.NVIC_PriorityGroupConfig  misc.o
    0x08005008   0x08005008   0x000002d4   Code   RO         4272    i.NonlinearSO3AHRSinit  imu.o
    0x080052dc   0x080052dc   0x00000770   Code   RO         4273    i.NonlinearSO3AHRSupdate  imu.o
    0x08005a4c   0x08005a4c   0x0000019a   Code   RO         4391    i.PID_Control       pid.o
    0x08005be6   0x08005be6   0x00000002   PAD
    0x08005be8   0x08005be8   0x0000003c   Code   RO         3575    i.PWM_Write         pwm.o
    0x08005c24   0x08005c24   0x00000002   Code   RO         4625    i.PendSV_Handler    stm32f4xx_it.o
    0x08005c26   0x08005c26   0x00000002   PAD
    0x08005c28   0x08005c28   0x00000060   Code   RO         4460    i.Pitch_pid         shoot.o
    0x08005c88   0x08005c88   0x00000020   Code   RO         1563    i.RCC_AHB1PeriphClockCmd  stm32f4xx_rcc.o
    0x08005ca8   0x08005ca8   0x00000020   Code   RO         1572    i.RCC_APB1PeriphClockCmd  stm32f4xx_rcc.o
    0x08005cc8   0x08005cc8   0x00000020   Code   RO         1574    i.RCC_APB1PeriphResetCmd  stm32f4xx_rcc.o
    0x08005ce8   0x08005ce8   0x00000020   Code   RO         1575    i.RCC_APB2PeriphClockCmd  stm32f4xx_rcc.o
    0x08005d08   0x08005d08   0x00000020   Code   RO         1577    i.RCC_APB2PeriphResetCmd  stm32f4xx_rcc.o
    0x08005d28   0x08005d28   0x000000e8   Code   RO         1584    i.RCC_GetClocksFreq  stm32f4xx_rcc.o
    0x08005e10   0x08005e10   0x00000130   Code   RO         3627    i.RC_Init           remotecontrol.o
    0x08005f40   0x08005f40   0x00000170   Code   RO         3485    i.ReadIMUSensorHandle  mpu6500.o
    0x080060b0   0x080060b0   0x000000e0   Code   RO         3674    i.SPI5_Init         spi.o
    0x08006190   0x08006190   0x00000058   Code   RO         3675    i.SPI5_ReadWriteByte  spi.o
    0x080061e8   0x080061e8   0x00000018   Code   RO         2159    i.SPI_Cmd           stm32f4xx_spi.o
    0x08006200   0x08006200   0x00000012   Code   RO         2167    i.SPI_I2S_GetFlagStatus  stm32f4xx_spi.o
    0x08006212   0x08006212   0x00000006   Code   RO         2170    i.SPI_I2S_ReceiveData  stm32f4xx_spi.o
    0x08006218   0x08006218   0x00000004   Code   RO         2171    i.SPI_I2S_SendData  stm32f4xx_spi.o
    0x0800621c   0x0800621c   0x0000003c   Code   RO         2172    i.SPI_Init          stm32f4xx_spi.o
    0x08006258   0x08006258   0x00000002   Code   RO         4626    i.SVC_Handler       stm32f4xx_it.o
    0x0800625a   0x0800625a   0x00000002   PAD
    0x0800625c   0x0800625c   0x00000120   Code   RO           12    i.SetSysClock       system_stm32f4xx.o
    0x0800637c   0x0800637c   0x00000170   Code   RO         4328    i.Shoot_Ctrl        user_api.o
    0x080064ec   0x080064ec   0x00000074   Code   RO         4329    i.Stop_Chassis_Task  user_api.o
    0x08006560   0x08006560   0x00000010   Code   RO         4627    i.SysTick_Handler   stm32f4xx_it.o
    0x08006570   0x08006570   0x00000068   Code   RO           14    i.SystemInit        system_stm32f4xx.o
    0x080065d8   0x080065d8   0x000000c4   Code   RO         3578    i.TIM3_PWM_Init     pwm.o
    0x0800669c   0x0800669c   0x00000100   Code   RO         3840    i.TIM4_IRQHandler   timer.o
    0x0800679c   0x0800679c   0x00000064   Code   RO         3841    i.TIM4_Int_Init     timer.o
    0x08006800   0x08006800   0x00000018   Code   RO         2377    i.TIM_ARRPreloadConfig  stm32f4xx_tim.o
    0x08006818   0x08006818   0x00000006   Code   RO         2384    i.TIM_ClearITPendingBit  stm32f4xx_tim.o
    0x0800681e   0x0800681e   0x00000018   Code   RO         2389    i.TIM_Cmd           stm32f4xx_tim.o
    0x08006836   0x08006836   0x0000001e   Code   RO         2391    i.TIM_CtrlPWMOutputs  stm32f4xx_tim.o
    0x08006854   0x08006854   0x00000190   Code   RO         2394    i.TIM_DeInit        stm32f4xx_tim.o
    0x080069e4   0x080069e4   0x00000022   Code   RO         2410    i.TIM_GetITStatus   stm32f4xx_tim.o
    0x08006a06   0x08006a06   0x00000012   Code   RO         2414    i.TIM_ITConfig      stm32f4xx_tim.o
    0x08006a18   0x08006a18   0x0000007c   Code   RO         2418    i.TIM_OC1Init       stm32f4xx_tim.o
    0x08006a94   0x08006a94   0x00000012   Code   RO         2421    i.TIM_OC1PreloadConfig  stm32f4xx_tim.o
    0x08006aa6   0x08006aa6   0x00000002   PAD
    0x08006aa8   0x08006aa8   0x000000a4   Code   RO         2423    i.TIM_OC2Init       stm32f4xx_tim.o
    0x08006b4c   0x08006b4c   0x0000001a   Code   RO         2426    i.TIM_OC2PreloadConfig  stm32f4xx_tim.o
    0x08006b66   0x08006b66   0x00000002   PAD
    0x08006b68   0x08006b68   0x00000078   Code   RO         2433    i.TIM_OC4Init       stm32f4xx_tim.o
    0x08006be0   0x08006be0   0x0000001a   Code   RO         2435    i.TIM_OC4PreloadConfig  stm32f4xx_tim.o
    0x08006bfa   0x08006bfa   0x00000002   PAD
    0x08006bfc   0x08006bfc   0x00000084   Code   RO         2461    i.TIM_TimeBaseInit  stm32f4xx_tim.o
    0x08006c80   0x08006c80   0x00000234   Code   RO         4396    i.Total_PID_Init    pid.o
    0x08006eb4   0x08006eb4   0x000000e4   Code   RO         4461    i.Twist             shoot.o
    0x08006f98   0x08006f98   0x00000088   Code   RO         3193    i.USART3_IRQHandler  usart.o
    0x08007020   0x08007020   0x0000006c   Code   RO         3713    i.USART6_IRQHandler  comm_umpire.o
    0x0800708c   0x0800708c   0x00000018   Code   RO         2939    i.USART_Cmd         stm32f4xx_usart.o
    0x080070a4   0x080070a4   0x00000012   Code   RO         2940    i.USART_DMACmd      stm32f4xx_usart.o
    0x080070b6   0x080070b6   0x00000002   PAD
    0x080070b8   0x080070b8   0x000000f0   Code   RO         2941    i.USART_DeInit      stm32f4xx_usart.o
    0x080071a8   0x080071a8   0x00000054   Code   RO         2943    i.USART_GetITStatus  stm32f4xx_usart.o
    0x080071fc   0x080071fc   0x0000004a   Code   RO         2945    i.USART_ITConfig    stm32f4xx_usart.o
    0x08007246   0x08007246   0x00000002   PAD
    0x08007248   0x08007248   0x000000d4   Code   RO         2946    i.USART_Init        stm32f4xx_usart.o
    0x0800731c   0x0800731c   0x0000000a   Code   RO         2953    i.USART_ReceiveData  stm32f4xx_usart.o
    0x08007326   0x08007326   0x00000004   Code   RO         4628    i.UsageFault_Handler  stm32f4xx_it.o
    0x0800732a   0x0800732a   0x00000002   PAD
    0x0800732c   0x0800732c   0x00000038   Code   RO         3889    i.Verify_CRC16_Check_Sum  crc.o
    0x08007364   0x08007364   0x0000002e   Code   RO         3890    i.Verify_CRC8_Check_Sum  crc.o
    0x08007392   0x08007392   0x00000002   PAD
    0x08007394   0x08007394   0x00000200   Code   RO         4462    i.Yaw_angle_pid     shoot.o
    0x08007594   0x08007594   0x00000030   Code   RO         5020    i.__ARM_fpclassify  m_wm.l(fpclassify.o)
    0x080075c4   0x080075c4   0x00000026   Code   RO         4923    i.__ARM_fpclassifyf  m_wm.l(fpclassifyf.o)
    0x080075ea   0x080075ea   0x00000014   Code   RO         4114    i.__ARM_isinff      filter.o
    0x080075fe   0x080075fe   0x0000000e   Code   RO         4115    i.__ARM_isnanf      filter.o
    0x0800760c   0x0800760c   0x0000012c   Code   RO         4778    i.__hardfp_asinf    m_wm.l(asinf.o)
    0x08007738   0x08007738   0x000002d8   Code   RO         4895    i.__hardfp_atan     m_wm.l(atan.o)
    0x08007a10   0x08007a10   0x00000200   Code   RO         4790    i.__hardfp_atan2    m_wm.l(atan2.o)
    0x08007c10   0x08007c10   0x000002ac   Code   RO         4802    i.__hardfp_atan2f   m_wm.l(atan2f.o)
    0x08007ebc   0x08007ebc   0x00000150   Code   RO         4814    i.__hardfp_cosf     m_wm.l(cosf.o)
    0x0800800c   0x0800800c   0x00000014   Code   RO         4826    i.__hardfp_fabs     m_wm.l(fabs.o)
    0x08008020   0x08008020   0x00000190   Code   RO         4832    i.__hardfp_sinf     m_wm.l(sinf.o)
    0x080081b0   0x080081b0   0x0000007a   Code   RO         4844    i.__hardfp_sqrt     m_wm.l(sqrt.o)
    0x0800822a   0x0800822a   0x00000002   PAD
    0x0800822c   0x0800822c   0x0000017c   Code   RO         4856    i.__hardfp_tanf     m_wm.l(tanf.o)
    0x080083a8   0x080083a8   0x000000f8   Code   RO         5022    i.__kernel_poly     m_wm.l(poly.o)
    0x080084a0   0x080084a0   0x00000014   Code   RO         4910    i.__mathlib_dbl_infnan  m_wm.l(dunder.o)
    0x080084b4   0x080084b4   0x00000014   Code   RO         4911    i.__mathlib_dbl_infnan2  m_wm.l(dunder.o)
    0x080084c8   0x080084c8   0x00000020   Code   RO         4915    i.__mathlib_dbl_underflow  m_wm.l(dunder.o)
    0x080084e8   0x080084e8   0x00000006   Code   RO         4926    i.__mathlib_flt_infnan  m_wm.l(funder.o)
    0x080084ee   0x080084ee   0x00000006   Code   RO         4927    i.__mathlib_flt_infnan2  m_wm.l(funder.o)
    0x080084f4   0x080084f4   0x00000010   Code   RO         4928    i.__mathlib_flt_invalid  m_wm.l(funder.o)
    0x08008504   0x08008504   0x00000010   Code   RO         4931    i.__mathlib_flt_underflow  m_wm.l(funder.o)
    0x08008514   0x08008514   0x00000154   Code   RO         4940    i.__mathlib_rredf2  m_wm.l(rredf.o)
    0x08008668   0x08008668   0x00000004   Code   RO         3194    i._sys_exit         usart.o
    0x0800866c   0x0800866c   0x00000010   Code   RO         4897    i.atan              m_wm.l(atan.o)
    0x0800867c   0x0800867c   0x00000020   Code   RO         4629    i.cycleCounterInit  stm32f4xx_it.o
    0x0800869c   0x0800869c   0x00000022   Code   RO         3125    i.delay_ms          delay.o
    0x080086be   0x080086be   0x00000002   PAD
    0x080086c0   0x080086c0   0x00000044   Code   RO         3778    i.digital_init      digital.o
    0x08008704   0x08008704   0x0000005c   Code   RO         4040    i.encoders_err      ctrl_chassis.o
    0x08008760   0x08008760   0x00000050   Code   RO         4463    i.encoders_err_shoot  shoot.o
    0x080087b0   0x080087b0   0x00000018   Code   RO         4828    i.fabs              m_wm.l(fabs.o)
    0x080087c8   0x080087c8   0x0000001c   Code   RO         3195    i.fputc             usart.o
    0x080087e4   0x080087e4   0x0000000e   Code   RO         3933    i.fric1_on          fric.o
    0x080087f2   0x080087f2   0x0000000e   Code   RO         3934    i.fric2_on          fric.o
    0x08008800   0x08008800   0x00000144   Code   RO         3935    i.fric_PWM_configuration  fric.o
    0x08008944   0x08008944   0x00000018   Code   RO         3936    i.fric_off          fric.o
    0x0800895c   0x0800895c   0x0000006c   Code   RO         4274    i.invSqrt           imu.o
    0x080089c8   0x080089c8   0x000000a0   Code   RO         3280    i.kalman            can1.o
    0x08008a68   0x08008a68   0x00000014   Code   RO         3351    i.laser_off         led.o
    0x08008a7c   0x08008a7c   0x00000014   Code   RO         3352    i.laser_on          led.o
    0x08008a90   0x08008a90   0x0000032c   Code   RO         4561    i.main              main.o
    0x08008dbc   0x08008dbc   0x00000044   Code   RO         4630    i.micros            stm32f4xx_it.o
    0x08008e00   0x08008e00   0x00000210   Code   RO         4041    i.motor_angle_ctrl  ctrl_chassis.o
    0x08009010   0x08009010   0x00000244   Code   RO         4464    i.motor_angle_pid   shoot.o
    0x08009254   0x08009254   0x00000048   Code   RO         3998    i.power_ctrl_configuration  power_ctrl.o
    0x0800929c   0x0800929c   0x00000020   Code   RO         3999    i.power_ctrl_off    power_ctrl.o
    0x080092bc   0x080092bc   0x00000016   Code   RO         4465    i.shoot_control_loop  shoot.o
    0x080092d2   0x080092d2   0x0000003e   Code   RO         4945    i.sqrtf             m_wm.l(sqrtf.o)
    0x08009310   0x08009310   0x000000ac   Code   RO         3196    i.usart_init        usart.o
    0x080093bc   0x080093bc   0x00000064   Code   RO         4043    i.virtual_encoders  ctrl_chassis.o
    0x08009420   0x08009420   0x00000044   Code   RO         4468    i.virtual_encoders_shoot  shoot.o
    0x08009464   0x08009464   0x0000002c   Code   RO         5016    locale$$code        c_w.l(lc_numeric_c.o)
    0x08009490   0x08009490   0x00000018   Code   RO         4878    x$fpl$basic         fz_wm.l(basic.o)
    0x080094a8   0x080094a8   0x00000062   Code   RO         4748    x$fpl$d2f           fz_wm.l(d2f.o)
    0x0800950a   0x0800950a   0x00000002   PAD
    0x0800950c   0x0800950c   0x00000150   Code   RO         4750    x$fpl$dadd          fz_wm.l(daddsub_clz.o)
    0x0800965c   0x0800965c   0x00000018   Code   RO         4880    x$fpl$dcmpinf       fz_wm.l(dcmpi.o)
    0x08009674   0x08009674   0x000002b0   Code   RO         4757    x$fpl$ddiv          fz_wm.l(ddiv.o)
    0x08009924   0x08009924   0x00000078   Code   RO         4882    x$fpl$deqf          fz_wm.l(deqf.o)
    0x0800999c   0x0800999c   0x0000005e   Code   RO         4760    x$fpl$dfix          fz_wm.l(dfix.o)
    0x080099fa   0x080099fa   0x0000002e   Code   RO         4765    x$fpl$dflt          fz_wm.l(dflt_clz.o)
    0x08009a28   0x08009a28   0x00000078   Code   RO         4770    x$fpl$dleqf         fz_wm.l(dleqf.o)
    0x08009aa0   0x08009aa0   0x00000154   Code   RO         4772    x$fpl$dmul          fz_wm.l(dmul.o)
    0x08009bf4   0x08009bf4   0x0000009c   Code   RO         4884    x$fpl$dnaninf       fz_wm.l(dnaninf.o)
    0x08009c90   0x08009c90   0x0000000c   Code   RO         4886    x$fpl$dretinf       fz_wm.l(dretinf.o)
    0x08009c9c   0x08009c9c   0x00000016   Code   RO         4751    x$fpl$drsb          fz_wm.l(daddsub_clz.o)
    0x08009cb2   0x08009cb2   0x00000002   PAD
    0x08009cb4   0x08009cb4   0x00000198   Code   RO         4888    x$fpl$dsqrt         fz_wm.l(dsqrt_umaal.o)
    0x08009e4c   0x08009e4c   0x000001d4   Code   RO         4752    x$fpl$dsub          fz_wm.l(daddsub_clz.o)
    0x0800a020   0x0800a020   0x00000056   Code   RO         4774    x$fpl$f2d           fz_wm.l(f2d.o)
    0x0800a076   0x0800a076   0x0000008c   Code   RO         4890    x$fpl$fnaninf       fz_wm.l(fnaninf.o)
    0x0800a102   0x0800a102   0x0000000a   Code   RO         5090    x$fpl$fpinit        fz_wm.l(fpinit.o)
    0x0800a10c   0x0800a10c   0x0000000a   Code   RO         4892    x$fpl$fretinf       fz_wm.l(fretinf.o)
    0x0800a116   0x0800a116   0x00000004   Code   RO         4776    x$fpl$printf1       fz_wm.l(printf1.o)
    0x0800a11a   0x0800a11a   0x00000000   Code   RO         4894    x$fpl$usenofp       fz_wm.l(usenofp.o)
    0x0800a11a   0x0800a11a   0x00000002   PAD
    0x0800a11c   0x0800a11c   0x00000014   Data   RO         3487    .constdata          mpu6500.o
    0x0800a130   0x0800a130   0x00000302   Data   RO         3891    .constdata          crc.o
    0x0800a432   0x0800a432   0x00000002   PAD
    0x0800a434   0x0800a434   0x00000024   Data   RO         4276    .constdata          imu.o
    0x0800a458   0x0800a458   0x00000098   Data   RO         4898    .constdata          m_wm.l(atan.o)
    0x0800a4f0   0x0800a4f0   0x00000008   Data   RO         4939    .constdata          m_wm.l(qnan.o)
    0x0800a4f8   0x0800a4f8   0x00000020   Data   RO         4941    .constdata          m_wm.l(rredf.o)
    0x0800a518   0x0800a518   0x00000094   Data   RO         4987    .constdata          c_w.l(bigflt0.o)
    0x0800a5ac   0x0800a5ac   0x00000020   Data   RO         5163    Region$$Table       anon$$obj.o
    0x0800a5cc   0x0800a5cc   0x0000001c   Data   RO         5015    locale$$data        c_w.l(lc_numeric_c.o)


    Execution Region RW_IRAM1 (Exec base: 0x20000000, Load base: 0x0800a5e8, Size: 0x00001e48, Max: 0x00030000, ABSOLUTE, COMPRESSED[0x0000004c])

    Exec Addr    Load Addr    Size         Type   Attr      Idx    E Section Name        Object

    0x20000000   COMPRESSED   0x00000014   Data   RW           15    .data               system_stm32f4xx.o
    0x20000014   COMPRESSED   0x00000010   Data   RW         1616    .data               stm32f4xx_rcc.o
    0x20000024   COMPRESSED   0x00000006   Data   RW         3198    .data               usart.o
    0x2000002a   COMPRESSED   0x00000002   PAD
    0x2000002c   COMPRESSED   0x00000038   Data   RW         3282    .data               can1.o
    0x20000064   COMPRESSED   0x00000006   Data   RW         3488    .data               mpu6500.o
    0x2000006a   COMPRESSED   0x00000001   Data   RW         3629    .data               remotecontrol.o
    0x2000006b   COMPRESSED   0x00000016   Data   RW         3715    .data               comm_umpire.o
    0x20000081   COMPRESSED   0x00000008   Data   RW         3805    .data               can2.o
    0x20000089   COMPRESSED   0x0000000c   Data   RW         3842    .data               timer.o
    0x20000095   COMPRESSED   0x00000001   PAD
    0x20000096   COMPRESSED   0x00000002   Data   RW         3892    .data               crc.o
    0x20000098   COMPRESSED   0x00000008   Data   RW         4045    .data               ctrl_chassis.o
    0x200000a0   COMPRESSED   0x000000c0   Data   RW         4116    .data               filter.o
    0x20000160   COMPRESSED   0x00000018   Data   RW         4204    .data               higher_class.o
    0x20000178   COMPRESSED   0x00000056   Data   RW         4277    .data               imu.o
    0x200001ce   COMPRESSED   0x00000002   PAD
    0x200001d0   COMPRESSED   0x0000005a   Data   RW         4331    .data               user_api.o
    0x2000022a   COMPRESSED   0x00000002   PAD
    0x2000022c   COMPRESSED   0x0000004c   Data   RW         4470    .data               shoot.o
    0x20000278   COMPRESSED   0x00000008   Data   RW         4562    .data               main.o
    0x20000280   COMPRESSED   0x00000008   Data   RW         4632    .data               stm32f4xx_it.o
    0x20000288        -       0x000000c8   Zero   RW         3197    .bss                usart.o
    0x20000350        -       0x0000008c   Zero   RW         3281    .bss                can1.o
    0x200003dc        -       0x000000c4   Zero   RW         3486    .bss                mpu6500.o
    0x200004a0        -       0x0000003d   Zero   RW         3628    .bss                remotecontrol.o
    0x200004dd        -       0x000000ec   Zero   RW         3714    .bss                comm_umpire.o
    0x200005c9   COMPRESSED   0x00000003   PAD
    0x200005cc        -       0x0000000c   Zero   RW         3804    .bss                can2.o
    0x200005d8        -       0x00000030   Zero   RW         4044    .bss                ctrl_chassis.o
    0x20000608        -       0x00000018   Zero   RW         4275    .bss                imu.o
    0x20000620        -       0x00000024   Zero   RW         4330    .bss                user_api.o
    0x20000644        -       0x000003a0   Zero   RW         4397    .bss                pid.o
    0x200009e4        -       0x00000060   Zero   RW         5025    .bss                c_w.l(libspace.o)
    0x20000a44   COMPRESSED   0x00000004   PAD
    0x20000a48        -       0x00001000   Zero   RW            2    HEAP                startup_stm32f427xx.o
    0x20001a48        -       0x00000400   Zero   RW            1    STACK               startup_stm32f427xx.o


==============================================================================

Image component sizes


      Code (inc. data)   RO Data    RW Data    ZI Data      Debug   Object Name

      1712         68          0         56        140       6617   can1.o
       516         40          0          8         12       2390   can2.o
      1080        110          0         22        236       5855   comm_umpire.o
       182         18        770          2          0       3549   crc.o
      1148         78          0          8         48       4721   ctrl_chassis.o
        34          0          0          0          0        543   delay.o
        68          4          0          0          0        531   digital.o
      3010        444          0        192          0      16459   filter.o
       376         18          0          0          0       2242   fric.o
      1008         66          0         24          0       2144   higher_class.o
      3980        284         36         86         24       6681   imu.o
       192         26          0          0          0       9871   led.o
       812         66          0          8          0      27699   main.o
       140         24          0          0          0     245435   misc.o
       828         84         20          6        196       9691   mpu6500.o
       974         78          0          0        928       3376   pid.o
       104         12          0          0          0       1200   power_ctrl.o
       256         14          0          0          0       1228   pwm.o
       914         58          0          1         61       5486   remotecontrol.o
      2914        310          0         76          0       9729   shoot.o
       312         14          0          0          0       1341   spi.o
        64         26        428          0       5120        884   startup_stm32f427xx.o
      1870         48          0          0          0       8985   stm32f4xx_can.o
       696         68          0          0          0       6963   stm32f4xx_dma.o
       222          0          0          0          0       2911   stm32f4xx_gpio.o
       140         24          0          8          0       5590   stm32f4xx_it.o
       392         48          0         16          0       5829   stm32f4xx_rcc.o
       112          0          0          0          0       3526   stm32f4xx_spi.o
      1146        110          0          0          0       9662   stm32f4xx_tim.o
       662         42          0          0          0       5588   stm32f4xx_usart.o
       392         32          0         20          0      75317   system_stm32f4xx.o
       356         58          0         12          0       1946   timer.o
       340         26          0          6        200       4165   usart.o
      1864        172          0         90         36       5506   user_api.o

    ----------------------------------------------------------------------
     28852       2470       1288        648       7004     503660   Object Totals
         0          0         32          0          0          0   (incl. Generated)
        36          0          2          7          3          0   (incl. Padding)

    ----------------------------------------------------------------------

      Code (inc. data)   RO Data    RW Data    ZI Data      Debug   Library Member Name

        90          0          0          0          0          0   __dczerorl2.o
         8          0          0          0          0         68   __main.o
       104          0          0          0          0         84   __printf.o
         0          0          0          0          0          0   __rtentry.o
        12          0          0          0          0          0   __rtentry2.o
         6          0          0          0          0          0   __rtentry4.o
        52          8          0          0          0          0   __scatter.o
        28          0          0          0          0          0   __scatter_zi.o
        48          6          0          0          0         96   _printf_char_common.o
        36          4          0          0          0         80   _printf_char_file.o
         6          0          0          0          0          0   _printf_f.o
      1054          0          0          0          0        216   _printf_fp_dec.o
       128         16          0          0          0         84   _printf_fp_infnan.o
         0          0          0          0          0          0   _printf_percent.o
         4          0          0          0          0          0   _printf_percent_end.o
        22          0          0          0          0        100   _rserrno.o
       228          4        148          0          0         96   bigflt0.o
      1936        128          0          0          0        672   btod.o
        18          0          0          0          0         80   exit.o
         8          0          0          0          0         68   ferror.o
         6          0          0          0          0        152   heapauxi.o
        44         10         28          0          0         76   lc_numeric_c.o
         2          0          0          0          0          0   libinit.o
        22          0          0          0          0          0   libinit2.o
         2          0          0          0          0          0   libshutdown.o
         2          0          0          0          0          0   libshutdown2.o
         8          4          0          0         96         68   libspace.o
       138          0          0          0          0         80   lludiv10.o
        24          4          0          0          0         84   noretval__2printf.o
         8          4          0          0          0         68   rt_errno_addr_intlibspace.o
         8          4          0          0          0         68   rt_locale_intlibspace.o
       100          0          0          0          0         80   rt_memcpy_w.o
         2          0          0          0          0          0   rtexit.o
        10          0          0          0          0          0   rtexit2.o
       128          0          0          0          0         68   strcmpv7m.o
        74          0          0          0          0         80   sys_stackheap_outer.o
         2          0          0          0          0         68   use_no_semi.o
         2          0          0          0          0         68   use_no_semi_2.o
        24          0          0          0          0        164   basic.o
        98          4          0          0          0        140   d2f.o
       826         16          0          0          0        492   daddsub_clz.o
        24          0          0          0          0        116   dcmpi.o
       688        140          0          0          0        256   ddiv.o
       120          4          0          0          0        140   deqf.o
        94          4          0          0          0        140   dfix.o
        46          0          0          0          0        116   dflt_clz.o
       120          4          0          0          0        140   dleqf.o
       340         12          0          0          0        152   dmul.o
       156          4          0          0          0        140   dnaninf.o
        12          0          0          0          0        116   dretinf.o
       408         56          0          0          0        168   dsqrt_umaal.o
        86          4          0          0          0        132   f2d.o
       140          4          0          0          0        132   fnaninf.o
        10          0          0          0          0        116   fpinit.o
        10          0          0          0          0        116   fretinf.o
         4          0          0          0          0        116   printf1.o
         0          0          0          0          0          0   usenofp.o
       300         42          0          0          0        176   asinf.o
       744        106        152          0          0        352   atan.o
       512         64          0          0          0        208   atan2.o
       684         90          0          0          0        208   atan2f.o
       336         56          0          0          0        136   cosf.o
        72          8          0          0          0        372   dunder.o
        44          0          0          0          0        248   fabs.o
        48          0          0          0          0        124   fpclassify.o
        38          0          0          0          0        116   fpclassifyf.o
        44         12          0          0          0        464   funder.o
       248          0          0          0          0        152   poly.o
         0          0          8          0          0          0   qnan.o
       340         24         32          0          0        160   rredf.o
       400         56          0          0          0        212   sinf.o
       122          0          0          0          0        148   sqrt.o
        62          0          0          0          0        136   sqrtf.o
       380         58          0          0          0        200   tanf.o

    ----------------------------------------------------------------------
     11964        960        368          0        100       8908   Library Totals
        14          0          0          0          4          0   (incl. Padding)

    ----------------------------------------------------------------------

      Code (inc. data)   RO Data    RW Data    ZI Data      Debug   Library Name

      4370        192        176          0         96       2604   c_w.l
      3206        252          0          0          0       2892   fz_wm.l
      4374        516        192          0          0       3412   m_wm.l

    ----------------------------------------------------------------------
     11964        960        368          0        100       8908   Library Totals

    ----------------------------------------------------------------------

==============================================================================


      Code (inc. data)   RO Data    RW Data    ZI Data      Debug   

     40816       3430       1656        648       7104     491364   Grand Totals
     40816       3430       1656         76       7104     491364   ELF Image Totals (compressed)
     40816       3430       1656         76          0          0   ROM Totals

==============================================================================

    Total RO  Size (Code + RO Data)                42472 (  41.48kB)
    Total RW  Size (RW Data + ZI Data)              7752 (   7.57kB)
    Total ROM Size (Code + RO Data + RW Data)      42548 (  41.55kB)

==============================================================================

